Component: ARM Compiler 5.05 update 1 (build 106) Tool: armlink [4d0efa]

==============================================================================

Section Cross References

    main.o(.text) refers to delay.o(.text) for delay_init
    main.o(.text) refers to key.o(.text) for LED2_INIT
    main.o(.text) refers to adc.o(.text) for Adc1_Init
    main.o(.text) refers to misc.o(.text) for NVIC_PriorityGroupConfig
    main.o(.text) refers to usart.o(.text) for uart_init
    main.o(.text) refers to noretval__2printf.o(.text) for __2printf
    main.o(.text) refers to pwm.o(.text) for TIM1_PWM_Init
    main.o(.text) refers to time.o(.text) for TIM2_Int_Init
    main.o(.text) refers to rt_memclr_w.o(.text) for __aeabi_memclr4
    main.o(.text) refers to dflt_clz.o(x$fpl$dflt) for __aeabi_i2d
    main.o(.text) refers to dmul.o(x$fpl$dmul) for __aeabi_dmul
    main.o(.text) refers to dfix.o(x$fpl$dfix) for __aeabi_d2iz
    main.o(.text) refers to main.o(.data) for k
    system_stm32f4xx.o(.text) refers to system_stm32f4xx.o(.data) for SystemCoreClock
    led.o(.text) refers to stm32f4xx_rcc.o(.text) for RCC_AHB1PeriphClockCmd
    led.o(.text) refers to stm32f4xx_gpio.o(.text) for GPIO_Init
    lcd_init.o(.text) refers to stm32f4xx_rcc.o(.text) for RCC_AHB1PeriphClockCmd
    lcd_init.o(.text) refers to stm32f4xx_gpio.o(.text) for GPIO_Init
    lcd_init.o(.text) refers to delay.o(.text) for delay_ms
    lcd.o(.text) refers to lcd_init.o(.text) for LCD_Address_Set
    lcd.o(.text) refers to lcd.o(.constdata) for tfont32
    exti.o(.text) refers to key.o(.text) for KEY_Init
    exti.o(.text) refers to stm32f4xx_rcc.o(.text) for RCC_APB2PeriphClockCmd
    exti.o(.text) refers to stm32f4xx_syscfg.o(.text) for SYSCFG_EXTILineConfig
    exti.o(.text) refers to stm32f4xx_exti.o(.text) for EXTI_Init
    exti.o(.text) refers to misc.o(.text) for NVIC_Init
    exti.o(.text) refers to delay.o(.text) for delay_ms
    exti.o(.text) refers to lcd.o(.text) for LCD_ShowFloatNum3
    exti.o(.text) refers to exti.o(.data) for Kp
    io.o(.text) refers to stm32f4xx_rcc.o(.text) for RCC_AHB1PeriphClockCmd
    io.o(.text) refers to stm32f4xx_gpio.o(.text) for GPIO_Init
    key.o(.text) refers to stm32f4xx_rcc.o(.text) for RCC_AHB1PeriphClockCmd
    key.o(.text) refers to stm32f4xx_gpio.o(.text) for GPIO_Init
    key.o(.text) refers to delay.o(.text) for delay_ms
    key.o(.text) refers to key.o(.data) for key_up
    pid.o(.text) refers to _printf_percent.o(.ARM.Collect$$_printf_percent$$00000000) for _printf_percent
    pid.o(.text) refers to _printf_f.o(.ARM.Collect$$_printf_percent$$00000003) for _printf_f
    pid.o(.text) refers to printf1.o(x$fpl$printf1) for _printf_fp_dec
    pid.o(.text) refers to f2d.o(x$fpl$f2d) for __aeabi_f2d
    pid.o(.text) refers to noretval__2printf.o(.text) for __2printf
    pid.o(.text) refers to pid.o(.data) for Bias
    pwm.o(.text) refers to stm32f4xx_rcc.o(.text) for RCC_AHB1PeriphClockCmd
    pwm.o(.text) refers to stm32f4xx_gpio.o(.text) for GPIO_PinAFConfig
    pwm.o(.text) refers to stm32f4xx_tim.o(.text) for TIM_TimeBaseInit
    pwm.o(.text) refers to dflt_clz.o(x$fpl$dfltu) for __aeabi_ui2d
    pwm.o(.text) refers to dmul.o(x$fpl$dmul) for __aeabi_dmul
    pwm.o(.text) refers to dfix.o(x$fpl$dfix) for __aeabi_d2iz
    pwm.o(.text) refers to ddiv.o(x$fpl$ddiv) for __aeabi_ddiv
    pwm.o(.text) refers to sin.o(i.__hardfp_sin) for __hardfp_sin
    pwm.o(.text) refers to f2d.o(x$fpl$f2d) for __aeabi_f2d
    time.o(.text) refers to _printf_percent.o(.ARM.Collect$$_printf_percent$$00000000) for _printf_percent
    time.o(.text) refers to _printf_d.o(.ARM.Collect$$_printf_percent$$00000009) for _printf_d
    time.o(.text) refers to _printf_dec.o(.text) for _printf_int_dec
    time.o(.text) refers to _printf_f.o(.ARM.Collect$$_printf_percent$$00000003) for _printf_f
    time.o(.text) refers to printf1.o(x$fpl$printf1) for _printf_fp_dec
    time.o(.text) refers to stm32f4xx_rcc.o(.text) for RCC_APB1PeriphClockCmd
    time.o(.text) refers to stm32f4xx_tim.o(.text) for TIM_TimeBaseInit
    time.o(.text) refers to misc.o(.text) for NVIC_Init
    time.o(.text) refers to pid.o(.text) for Incremental_PID_PWM
    time.o(.text) refers to dflt_clz.o(x$fpl$dflt) for __aeabi_i2d
    time.o(.text) refers to dmul.o(x$fpl$dmul) for __aeabi_dmul
    time.o(.text) refers to dfix.o(x$fpl$dfix) for __aeabi_d2iz
    time.o(.text) refers to daddsub_clz.o(x$fpl$dadd) for __aeabi_dadd
    time.o(.text) refers to noretval__2printf.o(.text) for __2printf
    time.o(.text) refers to drleqf.o(x$fpl$drleqf) for __aeabi_cdrcmple
    time.o(.text) refers to dleqf.o(x$fpl$dleqf) for __aeabi_cdcmple
    time.o(.text) refers to f2d.o(x$fpl$f2d) for __aeabi_f2d
    time.o(.text) refers to delay.o(.text) for delay_ms
    time.o(.text) refers to main.o(.data) for k
    time.o(.text) refers to time.o(.data) for Out_Pwm
    adc.o(.text) refers to stm32f4xx_rcc.o(.text) for RCC_AHB1PeriphClockCmd
[...]
    x$fpl$dfix                               0x08006444   Section       94  dfix.o(x$fpl$dfix)
    $v0                                      0x08006444   Number         0  dfix.o(x$fpl$dfix)
    x$fpl$dflt                               0x080064a2   Section       46  dflt_clz.o(x$fpl$dflt)
    $v0                                      0x080064a2   Number         0  dflt_clz.o(x$fpl$dflt)
    x$fpl$dfltu                              0x080064d0   Section       38  dflt_clz.o(x$fpl$dfltu)
    $v0                                      0x080064d0   Number         0  dflt_clz.o(x$fpl$dfltu)
    x$fpl$dleqf                              0x080064f8   Section      120  dleqf.o(x$fpl$dleqf)
    $v0                                      0x080064f8   Number         0  dleqf.o(x$fpl$dleqf)
    x$fpl$dmul                               0x08006570   Section      340  dmul.o(x$fpl$dmul)
    $v0                                      0x08006570   Number         0  dmul.o(x$fpl$dmul)
    x$fpl$dnaninf                            0x080066c4   Section      156  dnaninf.o(x$fpl$dnaninf)
    $v0                                      0x080066c4   Number         0  dnaninf.o(x$fpl$dnaninf)
    x$fpl$dretinf                            0x08006760   Section       12  dretinf.o(x$fpl$dretinf)
    $v0                                      0x08006760   Number         0  dretinf.o(x$fpl$dretinf)
    x$fpl$drleqf                             0x0800676c   Section      108  drleqf.o(x$fpl$drleqf)
    $v0                                      0x0800676c   Number         0  drleqf.o(x$fpl$drleqf)
    x$fpl$drsb                               0x080067d8   Section       22  daddsub_clz.o(x$fpl$drsb)
    $v0                                      0x080067d8   Number         0  daddsub_clz.o(x$fpl$drsb)
    x$fpl$dsqrt                              0x080067f0   Section      408  dsqrt_umaal.o(x$fpl$dsqrt)
    $v0                                      0x080067f0   Number         0  dsqrt_umaal.o(x$fpl$dsqrt)
    x$fpl$dsub                               0x08006988   Section      468  daddsub_clz.o(x$fpl$dsub)
    $v0                                      0x08006988   Number         0  daddsub_clz.o(x$fpl$dsub)
    _dsub1                                   0x08006999   Thumb Code     0  daddsub_clz.o(x$fpl$dsub)
    x$fpl$f2d                                0x08006b5c   Section       86  f2d.o(x$fpl$f2d)
    $v0                                      0x08006b5c   Number         0  f2d.o(x$fpl$f2d)
    x$fpl$fnaninf                            0x08006bb2   Section      140  fnaninf.o(x$fpl$fnaninf)
    $v0                                      0x08006bb2   Number         0  fnaninf.o(x$fpl$fnaninf)
    x$fpl$fpinit                             0x08006c3e   Section       10  fpinit.o(x$fpl$fpinit)
    $v0                                      0x08006c3e   Number         0  fpinit.o(x$fpl$fpinit)
    x$fpl$printf1                            0x08006c48   Section        4  printf1.o(x$fpl$printf1)
    $v0                                      0x08006c48   Number         0  printf1.o(x$fpl$printf1)
    .constdata                               0x08006c4c   Section     8790  lcd.o(.constdata)
    x$fpl$usenofp                            0x08006c4c   Section        0  usenofp.o(x$fpl$usenofp)
    .constdata                               0x08008ea8   Section       48  cos_i.o(.constdata)
    C                                        0x08008ea8   Data          48  cos_i.o(.constdata)
    .constdata                               0x08008ed8   Section      200  rred.o(.constdata)
    pio2s                                    0x08008ed8   Data          48  rred.o(.constdata)
    twooverpi                                0x08008f08   Data         152  rred.o(.constdata)
    .constdata                               0x08008fa0   Section       40  sin_i.o(.constdata)
    S                                        0x08008fa0   Data          40  sin_i.o(.constdata)
    .constdata                               0x08008fc8   Section      148  bigflt0.o(.constdata)
    tenpwrs_x                                0x08008fc8   Data          60  bigflt0.o(.constdata)
    tenpwrs_i                                0x08009004   Data          64  bigflt0.o(.constdata)
    locale$$data                             0x0800907c   Section       28  lc_numeric_c.o(locale$$data)
    __lcnum_c_name                           0x08009080   Data           2  lc_numeric_c.o(locale$$data)
    __lcnum_c_start                          0x08009088   Data           0  lc_numeric_c.o(locale$$data)
    __lcnum_c_point                          0x08009094   Data           0  lc_numeric_c.o(locale$$data)
    __lcnum_c_thousands                      0x08009096   Data           0  lc_numeric_c.o(locale$$data)
    __lcnum_c_grouping                       0x08009097   Data           0  lc_numeric_c.o(locale$$data)
    __lcnum_c_end                            0x08009098   Data           0  lc_numeric_c.o(locale$$data)
    .data                                    0x20000000   Section       16  main.o(.data)
    .data                                    0x20000010   Section       20  system_stm32f4xx.o(.data)
    .data                                    0x20000024   Section       12  exti.o(.data)
    .data                                    0x20000030   Section        1  key.o(.data)
    key_up                                   0x20000030   Data           1  key.o(.data)
    .data                                    0x20000034   Section       20  pid.o(.data)
    Bias                                     0x20000034   Data           4  pid.o(.data)
    Last_bias                                0x20000038   Data           4  pid.o(.data)
    Previous_bias                            0x2000003c   Data           4  pid.o(.data)
    Result                                   0x20000040   Data           4  pid.o(.data)
    sum_error                                0x20000044   Data           4  pid.o(.data)
    .data                                    0x20000048   Section        8  time.o(.data)
    T                                        0x2000004c   Data           4  time.o(.data)
    .data                                    0x20000050   Section       16  adc.o(.data)
    sum                                      0x20000058   Data           4  adc.o(.data)
    rms                                      0x2000005c   Data           4  adc.o(.data)
    .data                                    0x20000060   Section        4  delay.o(.data)
    fac_us                                   0x20000060   Data           1  delay.o(.data)
    fac_ms                                   0x20000062   Data           2  delay.o(.data)
    .data                                    0x20000064   Section        6  usart.o(.data)
    .data                                    0x2000006a   Section       16  stm32f4xx_rcc.o(.data)
    APBAHBPrescTable                         0x2000006a   Data          16  stm32f4xx_rcc.o(.data)
    .bss                                     0x2000007c   Section      248  adc.o(.bss)
    filtered_data                            0x200000f4   Data          64  adc.o(.bss)
    data_collection                          0x20000134   Data          64  adc.o(.bss)
    .bss                                     0x20000174   Section      200  usart.o(.bss)
    .bss                                     0x2000023c   Section       96  libspace.o(.bss)
    HEAP                                     0x200002a0   Section      512  startup_stm32f40_41xxx.o(HEAP)
    Heap_Mem                                 0x200002a0   Data         512  startup_stm32f40_41xxx.o(HEAP)
    STACK                                    0x200004a0   Section     1024  startup_stm32f40_41xxx.o(STACK)
    Stack_Mem                                0x200004a0   Data        1024  startup_stm32f40_41xxx.o(STACK)
    __initial_sp                             0x200008a0   Data           0  startup_stm32f40_41xxx.o(STACK)

    Global Symbols

    Symbol Name                              Value     Ov Type        Size  Object(Section)

    BuildAttributes$$THM_ISAv4$E$P$D$K$B$S$7EM$VFPi3$EXTD16$VFPS$VFMA$PE$A:L22UL41UL21$X:L11$S22US41US21$IEEE1$IW$USESV6$~STKCKD$USESV7$~SHL$OTIME$ROPI$IEEEX$EBA8$UX$STANDARDLIB$REQ8$PRES8$EABIv2 0x00000000   Number         0  anon$$obj.o ABSOLUTE
    __ARM_use_no_argv                        0x00000000   Number         0  main.o ABSOLUTE
    __ARM_exceptions_init                     - Undefined Weak Reference
    __alloca_initialize                       - Undefined Weak Reference
    __arm_preinit_                            - Undefined Weak Reference
    __cpp_initialize__aeabi_                  - Undefined Weak Reference
    __cxa_finalize                            - Undefined Weak Reference
    __sigvec_lookup                           - Undefined Weak Reference
    _atexit_init                              - Undefined Weak Reference
    _call_atexit_fns                          - Undefined Weak Reference
    _clock_init                               - Undefined Weak Reference
    _fp_trap_init                             - Undefined Weak Reference
    _fp_trap_shutdown                         - Undefined Weak Reference
    _get_lc_collate                           - Undefined Weak Reference
    _get_lc_ctype                             - Undefined Weak Reference
    _get_lc_monetary                          - Undefined Weak Reference
    _get_lc_time                              - Undefined Weak Reference
    _getenv_init                              - Undefined Weak Reference
    _handle_redirection                       - Undefined Weak Reference
    _init_alloc                               - Undefined Weak Reference
    _init_user_alloc                          - Undefined Weak Reference
    _initio                                   - Undefined Weak Reference
    _mutex_acquire                            - Undefined Weak Reference
    _mutex_release                            - Undefined Weak Reference
    _printf_post_padding                      - Undefined Weak Reference
    _printf_pre_padding                       - Undefined Weak Reference
    _printf_truncate_signed                   - Undefined Weak Reference
    _printf_truncate_unsigned                 - Undefined Weak Reference
    _rand_init                                - Undefined Weak Reference
    _signal_finish                            - Undefined Weak Reference
    _signal_init                              - Undefined Weak Reference
    _terminate_alloc                          - Undefined Weak Reference
    _terminate_user_alloc                     - Undefined Weak Reference
    _terminateio                              - Undefined Weak Reference
    __Vectors_Size                           0x00000188   Number         0  startup_stm32f40_41xxx.o ABSOLUTE
    __Vectors                                0x08000000   Data           4  startup_stm32f40_41xxx.o(RESET)
    __Vectors_End                            0x08000188   Data           0  startup_stm32f40_41xxx.o(RESET)
    __main                                   0x08000189   Thumb Code     8  __main.o(!!!main)
    __scatterload                            0x08000191   Thumb Code     0  __scatter.o(!!!scatter)
    __scatterload_rt2                        0x08000191   Thumb Code    44  __scatter.o(!!!scatter)
    __scatterload_rt2_thumb_only             0x08000191   Thumb Code     0  __scatter.o(!!!scatter)
    __scatterload_null                       0x0800019f   Thumb Code     0  __scatter.o(!!!scatter)
    __scatterload_copy                       0x080001c5   Thumb Code    26  __scatter_copy.o(!!handler_copy)
    __scatterload_zeroinit                   0x080001e1   Thumb Code    28  __scatter_zi.o(!!handler_zi)
    _printf_f                                0x080001fd   Thumb Code     0  _printf_f.o(.ARM.Collect$$_printf_percent$$00000003)
    _printf_percent                          0x080001fd   Thumb Code     0  _printf_percent.o(.ARM.Collect$$_printf_percent$$00000000)
    _printf_d                                0x08000203   Thumb Code     0  _printf_d.o(.ARM.Collect$$_printf_percent$$00000009)
    _printf_percent_end                      0x08000209   Thumb Code     0  _printf_percent_end.o(.ARM.Collect$$_printf_percent$$00000017)
    __rt_lib_init                            0x0800020d   Thumb Code     0  libinit.o(.ARM.Collect$$libinit$$00000000)
    __rt_lib_init_fp_1                       0x0800020f   Thumb Code     0  libinit2.o(.ARM.Collect$$libinit$$00000001)
    __rt_lib_init_heap_1                     0x08000213   Thumb Code     0  libinit2.o(.ARM.Collect$$libinit$$0000000A)
    __rt_lib_init_lc_common                  0x08000213   Thumb Code     0  libinit2.o(.ARM.Collect$$libinit$$0000000F)
    __rt_lib_init_preinit_1                  0x08000213   Thumb Code     0  libinit2.o(.ARM.Collect$$libinit$$00000004)
    __rt_lib_init_rand_1                     0x08000213   Thumb Code     0  libinit2.o(.ARM.Collect$$libinit$$0000000E)
    __rt_lib_init_user_alloc_1               0x08000213   Thumb Code     0  libinit2.o(.ARM.Collect$$libinit$$0000000C)
    __rt_lib_init_lc_collate_1               0x08000219   Thumb Code     0  libinit2.o(.ARM.Collect$$libinit$$00000011)
    __rt_lib_init_lc_ctype_1                 0x08000219   Thumb Code     0  libinit2.o(.ARM.Collect$$libinit$$00000013)
    __rt_lib_init_lc_monetary_1              0x08000219   Thumb Code     0  libinit2.o(.ARM.Collect$$libinit$$00000015)
    __rt_lib_init_lc_numeric_2               0x08000219   Thumb Code     0  libinit2.o(.ARM.Collect$$libinit$$00000016)
    __rt_lib_init_alloca_1                   0x08000223   Thumb Code     0  libinit2.o(.ARM.Collect$$libinit$$0000002E)
    __rt_lib_init_argv_1                     0x08000223   Thumb Code     0  libinit2.o(.ARM.Collect$$libinit$$0000002C)
    __rt_lib_init_atexit_1                   0x08000223   Thumb Code     0  libinit2.o(.ARM.Collect$$libinit$$0000001B)
    __rt_lib_init_clock_1                    0x08000223   Thumb Code     0  libinit2.o(.ARM.Collect$$libinit$$00000021)
    __rt_lib_init_cpp_1                      0x08000223   Thumb Code     0  libinit2.o(.ARM.Collect$$libinit$$00000032)
    __rt_lib_init_exceptions_1               0x08000223   Thumb Code     0  libinit2.o(.ARM.Collect$$libinit$$00000030)
    __rt_lib_init_fp_trap_1                  0x08000223   Thumb Code     0  libinit2.o(.ARM.Collect$$libinit$$0000001F)
    __rt_lib_init_getenv_1                   0x08000223   Thumb Code     0  libinit2.o(.ARM.Collect$$libinit$$00000023)
    __rt_lib_init_lc_numeric_1               0x08000223   Thumb Code     0  libinit2.o(.ARM.Collect$$libinit$$00000017)
    __rt_lib_init_lc_time_1                  0x08000223   Thumb Code     0  libinit2.o(.ARM.Collect$$libinit$$00000019)
    __rt_lib_init_return                     0x08000223   Thumb Code     0  libinit2.o(.ARM.Collect$$libinit$$00000033)
    __rt_lib_init_signal_1                   0x08000223   Thumb Code     0  libinit2.o(.ARM.Collect$$libinit$$0000001D)
    __rt_lib_init_stdio_1                    0x08000223   Thumb Code     0  libinit2.o(.ARM.Collect$$libinit$$00000025)
    __rt_lib_shutdown                        0x08000225   Thumb Code     0  libshutdown.o(.ARM.Collect$$libshutdown$$00000000)
    __rt_lib_shutdown_fp_trap_1              0x08000227   Thumb Code     0  libshutdown2.o(.ARM.Collect$$libshutdown$$00000006)
    __rt_lib_shutdown_heap_1                 0x08000227   Thumb Code     0  libshutdown2.o(.ARM.Collect$$libshutdown$$0000000E)
    __rt_lib_shutdown_return                 0x08000227   Thumb Code     0  libshutdown2.o(.ARM.Collect$$libshutdown$$0000000F)
    __rt_lib_shutdown_signal_1               0x08000227   Thumb Code     0  libshutdown2.o(.ARM.Collect$$libshutdown$$00000009)
    __rt_lib_shutdown_stdio_1                0x08000227   Thumb Code     0  libshutdown2.o(.ARM.Collect$$libshutdown$$00000003)
    __rt_lib_shutdown_user_alloc_1           0x08000227   Thumb Code     0  libshutdown2.o(.ARM.Collect$$libshutdown$$0000000B)
    __rt_entry                               0x08000229   Thumb Code     0  __rtentry.o(.ARM.Collect$$rtentry$$00000000)
    __rt_entry_presh_1                       0x08000229   Thumb Code     0  __rtentry2.o(.ARM.Collect$$rtentry$$00000002)
    __rt_entry_sh                            0x08000229   Thumb Code     0  __rtentry4.o(.ARM.Collect$$rtentry$$00000004)
    __rt_entry_li                            0x0800022f   Thumb Code     0  __rtentry2.o(.ARM.Collect$$rtentry$$0000000A)
    __rt_entry_postsh_1                      0x0800022f   Thumb Code     0  __rtentry2.o(.ARM.Collect$$rtentry$$00000009)
    __rt_entry_main                          0x08000233   Thumb Code     0  __rtentry2.o(.ARM.Collect$$rtentry$$0000000D)
    __rt_entry_postli_1                      0x08000233   Thumb Code     0  __rtentry2.o(.ARM.Collect$$rtentry$$0000000C)
    __rt_exit                                0x0800023b   Thumb Code     0  rtexit.o(.ARM.Collect$$rtexit$$00000000)
    __rt_exit_ls                             0x0800023d   Thumb Code     0  rtexit2.o(.ARM.Collect$$rtexit$$00000003)
    __rt_exit_prels_1                        0x0800023d   Thumb Code     0  rtexit2.o(.ARM.Collect$$rtexit$$00000002)
    __rt_exit_exit                           0x08000241   Thumb Code     0  rtexit2.o(.ARM.Collect$$rtexit$$00000004)
    main                                     0x08000249   Thumb Code   140  main.o(.text)
    NMI_Handler                              0x080002f1   Thumb Code     2  stm32f4xx_it.o(.text)
    HardFault_Handler                        0x080002f3   Thumb Code     4  stm32f4xx_it.o(.text)
    MemManage_Handler                        0x080002f7   Thumb Code     4  stm32f4xx_it.o(.text)
    BusFault_Handler                         0x080002fb   Thumb Code     4  stm32f4xx_it.o(.text)
    UsageFault_Handler                       0x080002ff   Thumb Code     4  stm32f4xx_it.o(.text)
    SVC_Handler                              0x08000303   Thumb Code     2  stm32f4xx_it.o(.text)
    DebugMon_Handler                         0x08000305   Thumb Code     2  stm32f4xx_it.o(.text)
    PendSV_Handler                           0x08000307   Thumb Code     2  stm32f4xx_it.o(.text)
    SysTick_Handler                          0x08000309   Thumb Code     2  stm32f4xx_it.o(.text)
    SystemInit                               0x080003e9   Thumb Code    88  system_stm32f4xx.o(.text)
    SystemCoreClockUpdate                    0x08000441   Thumb Code   174  system_stm32f4xx.o(.text)
    LCD_GPIO_Init                            0x0800051d   Thumb Code   108  lcd_init.o(.text)
    LCD_Writ_Bus                             0x08000589   Thumb Code    90  lcd_init.o(.text)
    LCD_WR_DATA8                             0x080005e3   Thumb Code    12  lcd_init.o(.text)
    LCD_WR_DATA                              0x080005ef   Thumb Code    18  lcd_init.o(.text)
    LCD_WR_REG                               0x08000601   Thumb Code    32  lcd_init.o(.text)
    LCD_Address_Set                          0x08000621   Thumb Code    66  lcd_init.o(.text)
    LCD_Init                                 0x08000663   Thumb Code   506  lcd_init.o(.text)
    LCD_Fill                                 0x08000865   Thumb Code    74  lcd.o(.text)
    LCD_DrawPoint                            0x080008af   Thumb Code    28  lcd.o(.text)
    LCD_DrawLine                             0x080008cb   Thumb Code   172  lcd.o(.text)
    LCD_DrawRectangle                        0x08000977   Thumb Code    74  lcd.o(.text)
    Draw_Circle                              0x080009c1   Thumb Code   158  lcd.o(.text)
    LCD_ShowChinese32x32                     0x08000a5f   Thumb Code   254  lcd.o(.text)
    LCD_ShowChinese24x24                     0x08000b5d   Thumb Code   270  lcd.o(.text)
    LCD_ShowChinese16x16                     0x08000c6b   Thumb Code   254  lcd.o(.text)
    LCD_ShowChinese                          0x08000d69   Thumb Code   116  lcd.o(.text)
    LCD_ShowChar                             0x08000ddd   Thumb Code   256  lcd.o(.text)
    LCD_ShowString                           0x08000edd   Thumb Code    66  lcd.o(.text)
    mypow                                    0x08000f1f   Thumb Code    22  lcd.o(.text)
    LCD_ShowIntNum                           0x08000f35   Thumb Code   150  lcd.o(.text)
    LCD_ShowFloatNum1                        0x08000fcb   Thumb Code   174  lcd.o(.text)
    LCD_ShowFloatNum3                        0x08001079   Thumb Code   174  lcd.o(.text)
    LCD_ShowPicture                          0x08001127   Thumb Code   104  lcd.o(.text)
    EXTIX_Init                               0x08001199   Thumb Code    82  exti.o(.text)
    EXTI4_IRQHandler                         0x080011eb   Thumb Code    72  exti.o(.text)
    EXTI9_5_IRQHandler                       0x08001233   Thumb Code   138  exti.o(.text)
    EXTI15_10_IRQHandler                     0x080012bd   Thumb Code   208  exti.o(.text)
    KEY_Init                                 0x08001399   Thumb Code    44  key.o(.text)
    KEY_Scan                                 0x080013c5   Thumb Code   214  key.o(.text)
    LED2_INIT                                0x0800149b   Thumb Code    48  key.o(.text)
    Incremental_PID_PWM                      0x080014dd   Thumb Code   456  pid.o(.text)
    TIM1_PWM_Init                            0x08001729   Thumb Code   322  pwm.o(.text)
    SineWave_Data                            0x0800186b   Thumb Code   170  pwm.o(.text)
    TIM2_Int_Init                            0x0800193d   Thumb Code    96  time.o(.text)
    TIM2_IRQHandler                          0x0800199d   Thumb Code   316  time.o(.text)
    Adc1_Init                                0x08001b59   Thumb Code   282  adc.o(.text)
    ADC_Value                                0x08001c73   Thumb Code    52  adc.o(.text)
    Adfilter                                 0x08001ca7   Thumb Code    38  adc.o(.text)
    ADC_Filter                               0x08001ccd   Thumb Code   118  adc.o(.text)
    Rms_voltage                              0x08001d43   Thumb Code   110  adc.o(.text)
    First_order_filter                       0x08001db1   Thumb Code   116  adc.o(.text)
    delay_init                               0x08001e4d   Thumb Code    52  delay.o(.text)
    delay_us                                 0x08001e81   Thumb Code    72  delay.o(.text)
    delay_xms                                0x08001ec9   Thumb Code    72  delay.o(.text)
    delay_ms                                 0x08001f11   Thumb Code    56  delay.o(.text)
    _sys_exit                                0x08001f51   Thumb Code     4  usart.o(.text)
    fputc                                    0x08001f55   Thumb Code    22  usart.o(.text)
    uart_init                                0x08001f6b   Thumb Code   164  usart.o(.text)
    USART1_IRQHandler                        0x0800200f   Thumb Code   122  usart.o(.text)
    Reset_Handler                            0x08002099   Thumb Code     8  startup_stm32f40_41xxx.o(.text)
    ADC_IRQHandler                           0x080020b3   Thumb Code     0  startup_stm32f40_41xxx.o(.text)
    CAN1_RX0_IRQHandler                      0x080020b3   Thumb Code     0  startup_stm32f40_41xxx.o(.text)
    CAN1_RX1_IRQHandler                      0x080020b3   Thumb Code     0  startup_stm32f40_41xxx.o(.text)
    CAN1_SCE_IRQHandler                      0x080020b3   Thumb Code     0  startup_stm32f40_41xxx.o(.text)
    CAN1_TX_IRQHandler                       0x080020b3   Thumb Code     0  startup_stm32f40_41xxx.o(.text)
    CAN2_RX0_IRQHandler                      0x080020b3   Thumb Code     0  startup_stm32f40_41xxx.o(.text)
    CAN2_RX1_IRQHandler                      0x080020b3   Thumb Code     0  startup_stm32f40_41xxx.o(.text)
    CAN2_SCE_IRQHandler                      0x080020b3   Thumb Code     0  startup_stm32f40_41xxx.o(.text)
    CAN2_TX_IRQHandler                       0x080020b3   Thumb Code     0  startup_stm32f40_41xxx.o(.text)
    CRYP_IRQHandler                          0x080020b3   Thumb Code     0  startup_stm32f40_41xxx.o(.text)
    DCMI_IRQHandler                          0x080020b3   Thumb Code     0  startup_stm32f40_41xxx.o(.text)
    DMA1_Stream0_IRQHandler                  0x080020b3   Thumb Code     0  startup_stm32f40_41xxx.o(.text)
    DMA1_Stream1_IRQHandler                  0x080020b3   Thumb Code     0  startup_stm32f40_41xxx.o(.text)
    DMA1_Stream2_IRQHandler                  0x080020b3   Thumb Code     0  startup_stm32f40_41xxx.o(.text)
    DMA1_Stream3_IRQHandler                  0x080020b3   Thumb Code     0  startup_stm32f40_41xxx.o(.text)
    DMA1_Stream4_IRQHandler                  0x080020b3   Thumb Code     0  startup_stm32f40_41xxx.o(.text)
    DMA1_Stream5_IRQHandler                  0x080020b3   Thumb Code     0  startup_stm32f40_41xxx.o(.text)
    DMA1_Stream6_IRQHandler                  0x080020b3   Thumb Code     0  startup_stm32f40_41xxx.o(.text)
    DMA1_Stream7_IRQHandler                  0x080020b3   Thumb Code     0  startup_stm32f40_41xxx.o(.text)
    DMA2_Stream0_IRQHandler                  0x080020b3   Thumb Code     0  startup_stm32f40_41xxx.o(.text)
    DMA2_Stream1_IRQHandler                  0x080020b3   Thumb Code     0  startup_stm32f40_41xxx.o(.text)
    DMA2_Stream2_IRQHandler                  0x080020b3   Thumb Code     0  startup_stm32f40_41xxx.o(.text)
    DMA2_Stream3_IRQHandler                  0x080020b3   Thumb Code     0  startup_stm32f40_41xxx.o(.text)
    DMA2_Stream4_IRQHandler                  0x080020b3   Thumb Code     0  startup_stm32f40_41xxx.o(.text)
    DMA2_Stream5_IRQHandler                  0x080020b3   Thumb Code     0  startup_stm32f40_41xxx.o(.text)
    DMA2_Stream6_IRQHandler                  0x080020b3   Thumb Code     0  startup_stm32f40_41xxx.o(.text)
    DMA2_Stream7_IRQHandler                  0x080020b3   Thumb Code     0  startup_stm32f40_41xxx.o(.text)
    ETH_IRQHandler                           0x080020b3   Thumb Code     0  startup_stm32f40_41xxx.o(.text)
    ETH_WKUP_IRQHandler                      0x080020b3   Thumb Code     0  startup_stm32f40_41xxx.o(.text)
    EXTI0_IRQHandler                         0x080020b3   Thumb Code     0  startup_stm32f40_41xxx.o(.text)
    EXTI1_IRQHandler                         0x080020b3   Thumb Code     0  startup_stm32f40_41xxx.o(.text)
    EXTI2_IRQHandler                         0x080020b3   Thumb Code     0  startup_stm32f40_41xxx.o(.text)
    EXTI3_IRQHandler                         0x080020b3   Thumb Code     0  startup_stm32f40_41xxx.o(.text)
    FLASH_IRQHandler                         0x080020b3   Thumb Code     0  startup_stm32f40_41xxx.o(.text)
    FPU_IRQHandler                           0x080020b3   Thumb Code     0  startup_stm32f40_41xxx.o(.text)
    FSMC_IRQHandler                          0x080020b3   Thumb Code     0  startup_stm32f40_41xxx.o(.text)
    HASH_RNG_IRQHandler                      0x080020b3   Thumb Code     0  startup_stm32f40_41xxx.o(.text)
    I2C1_ER_IRQHandler                       0x080020b3   Thumb Code     0  startup_stm32f40_41xxx.o(.text)
    I2C1_EV_IRQHandler                       0x080020b3   Thumb Code     0  startup_stm32f40_41xxx.o(.text)
    I2C2_ER_IRQHandler                       0x080020b3   Thumb Code     0  startup_stm32f40_41xxx.o(.text)
    I2C2_EV_IRQHandler                       0x080020b3   Thumb Code     0  startup_stm32f40_41xxx.o(.text)
    I2C3_ER_IRQHandler                       0x080020b3   Thumb Code     0  startup_stm32f40_41xxx.o(.text)
    I2C3_EV_IRQHandler                       0x080020b3   Thumb Code     0  startup_stm32f40_41xxx.o(.text)
    OTG_FS_IRQHandler                        0x080020b3   Thumb Code     0  startup_stm32f40_41xxx.o(.text)
    OTG_FS_WKUP_IRQHandler                   0x080020b3   Thumb Code     0  startup_stm32f40_41xxx.o(.text)
    OTG_HS_EP1_IN_IRQHandler                 0x080020b3   Thumb Code     0  startup_stm32f40_41xxx.o(.text)
    OTG_HS_EP1_OUT_IRQHandler                0x080020b3   Thumb Code     0  startup_stm32f40_41xxx.o(.text)
    OTG_HS_IRQHandler                        0x080020b3   Thumb Code     0  startup_stm32f40_41xxx.o(.text)
    OTG_HS_WKUP_IRQHandler                   0x080020b3   Thumb Code     0  startup_stm32f40_41xxx.o(.text)
    PVD_IRQHandler                           0x080020b3   Thumb Code     0  startup_stm32f40_41xxx.o(.text)
    RCC_IRQHandler                           0x080020b3   Thumb Code     0  startup_stm32f40_41xxx.o(.text)
    RTC_Alarm_IRQHandler                     0x080020b3   Thumb Code     0  startup_stm32f40_41xxx.o(.text)
    RTC_WKUP_IRQHandler                      0x080020b3   Thumb Code     0  startup_stm32f40_41xxx.o(.text)
    SDIO_IRQHandler                          0x080020b3   Thumb Code     0  startup_stm32f40_41xxx.o(.text)
    SPI1_IRQHandler                          0x080020b3   Thumb Code     0  startup_stm32f40_41xxx.o(.text)
    SPI2_IRQHandler                          0x080020b3   Thumb Code     0  startup_stm32f40_41xxx.o(.text)
    SPI3_IRQHandler                          0x080020b3   Thumb Code     0  startup_stm32f40_41xxx.o(.text)
    TAMP_STAMP_IRQHandler                    0x080020b3   Thumb Code     0  startup_stm32f40_41xxx.o(.text)
    TIM1_BRK_TIM9_IRQHandler                 0x080020b3   Thumb Code     0  startup_stm32f40_41xxx.o(.text)
    TIM1_CC_IRQHandler                       0x080020b3   Thumb Code     0  startup_stm32f40_41xxx.o(.text)
    TIM1_TRG_COM_TIM11_IRQHandler            0x080020b3   Thumb Code     0  startup_stm32f40_41xxx.o(.text)
    TIM1_UP_TIM10_IRQHandler                 0x080020b3   Thumb Code     0  startup_stm32f40_41xxx.o(.text)
    TIM3_IRQHandler                          0x080020b3   Thumb Code     0  startup_stm32f40_41xxx.o(.text)
    TIM4_IRQHandler                          0x080020b3   Thumb Code     0  startup_stm32f40_41xxx.o(.text)
    TIM5_IRQHandler                          0x080020b3   Thumb Code     0  startup_stm32f40_41xxx.o(.text)
    TIM6_DAC_IRQHandler                      0x080020b3   Thumb Code     0  startup_stm32f40_41xxx.o(.text)
    TIM7_IRQHandler                          0x080020b3   Thumb Code     0  startup_stm32f40_41xxx.o(.text)
    TIM8_BRK_TIM12_IRQHandler                0x080020b3   Thumb Code     0  startup_stm32f40_41xxx.o(.text)
    TIM8_CC_IRQHandler                       0x080020b3   Thumb Code     0  startup_stm32f40_41xxx.o(.text)
    TIM8_TRG_COM_TIM14_IRQHandler            0x080020b3   Thumb Code     0  startup_stm32f40_41xxx.o(.text)
    TIM8_UP_TIM13_IRQHandler                 0x080020b3   Thumb Code     0  startup_stm32f40_41xxx.o(.text)
    UART4_IRQHandler                         0x080020b3   Thumb Code     0  startup_stm32f40_41xxx.o(.text)
    UART5_IRQHandler                         0x080020b3   Thumb Code     0  startup_stm32f40_41xxx.o(.text)
    USART2_IRQHandler                        0x080020b3   Thumb Code     0  startup_stm32f40_41xxx.o(.text)
    USART3_IRQHandler                        0x080020b3   Thumb Code     0  startup_stm32f40_41xxx.o(.text)
    USART6_IRQHandler                        0x080020b3   Thumb Code     0  startup_stm32f40_41xxx.o(.text)
    WWDG_IRQHandler                          0x080020b3   Thumb Code     0  startup_stm32f40_41xxx.o(.text)
    __user_initial_stackheap                 0x080020b5   Thumb Code     0  startup_stm32f40_41xxx.o(.text)
    NVIC_PriorityGroupConfig                 0x080020d9   Thumb Code    10  misc.o(.text)
    NVIC_Init                                0x080020e3   Thumb Code   106  misc.o(.text)
    NVIC_SetVectorTable                      0x0800214d   Thumb Code    14  misc.o(.text)
    NVIC_SystemLPConfig                      0x0800215b   Thumb Code    34  misc.o(.text)
    SysTick_CLKSourceConfig                  0x0800217d   Thumb Code    40  misc.o(.text)
    GPIO_DeInit                              0x080021b9   Thumb Code   268  stm32f4xx_gpio.o(.text)
    GPIO_Init                                0x080022c5   Thumb Code   144  stm32f4xx_gpio.o(.text)
    GPIO_StructInit                          0x08002355   Thumb Code    18  stm32f4xx_gpio.o(.text)
    GPIO_PinLockConfig                       0x08002367   Thumb Code    34  stm32f4xx_gpio.o(.text)
    GPIO_ReadInputDataBit                    0x08002389   Thumb Code    18  stm32f4xx_gpio.o(.text)
    GPIO_ReadInputData                       0x0800239b   Thumb Code     8  stm32f4xx_gpio.o(.text)
    GPIO_ReadOutputDataBit                   0x080023a3   Thumb Code    18  stm32f4xx_gpio.o(.text)
    GPIO_ReadOutputData                      0x080023b5   Thumb Code     8  stm32f4xx_gpio.o(.text)
    GPIO_SetBits                             0x080023bd   Thumb Code     4  stm32f4xx_gpio.o(.text)
    GPIO_ResetBits                           0x080023c1   Thumb Code     4  stm32f4xx_gpio.o(.text)
    GPIO_WriteBit                            0x080023c5   Thumb Code    10  stm32f4xx_gpio.o(.text)
    GPIO_Write                               0x080023cf   Thumb Code     4  stm32f4xx_gpio.o(.text)
    GPIO_ToggleBits                          0x080023d3   Thumb Code     8  stm32f4xx_gpio.o(.text)
    GPIO_PinAFConfig                         0x080023db   Thumb Code    70  stm32f4xx_gpio.o(.text)
    RCC_DeInit                               0x0800244d   Thumb Code    82  stm32f4xx_rcc.o(.text)
    RCC_HSEConfig                            0x0800249f   Thumb Code    14  stm32f4xx_rcc.o(.text)
    RCC_GetFlagStatus                        0x080024ad   Thumb Code    60  stm32f4xx_rcc.o(.text)
    RCC_WaitForHSEStartUp                    0x080024e9   Thumb Code    56  stm32f4xx_rcc.o(.text)
    RCC_AdjustHSICalibrationValue            0x08002521   Thumb Code    20  stm32f4xx_rcc.o(.text)
    RCC_HSICmd                               0x08002535   Thumb Code     6  stm32f4xx_rcc.o(.text)
    RCC_LSEConfig                            0x0800253b   Thumb Code    46  stm32f4xx_rcc.o(.text)
    RCC_LSICmd                               0x08002569   Thumb Code     6  stm32f4xx_rcc.o(.text)
    RCC_PLLConfig                            0x0800256f   Thumb Code    32  stm32f4xx_rcc.o(.text)
    RCC_PLLCmd                               0x0800258f   Thumb Code     6  stm32f4xx_rcc.o(.text)
    RCC_PLLI2SConfig                         0x08002595   Thumb Code    14  stm32f4xx_rcc.o(.text)
    RCC_PLLI2SCmd                            0x080025a3   Thumb Code     6  stm32f4xx_rcc.o(.text)
    RCC_PLLSAIConfig                         0x080025a9   Thumb Code    20  stm32f4xx_rcc.o(.text)
    RCC_PLLSAICmd                            0x080025bd   Thumb Code     6  stm32f4xx_rcc.o(.text)
    RCC_ClockSecuritySystemCmd               0x080025c3   Thumb Code     6  stm32f4xx_rcc.o(.text)
    RCC_MCO1Config                           0x080025c9   Thumb Code    28  stm32f4xx_rcc.o(.text)
    RCC_MCO2Config                           0x080025e5   Thumb Code    28  stm32f4xx_rcc.o(.text)
    RCC_SYSCLKConfig                         0x08002601   Thumb Code    20  stm32f4xx_rcc.o(.text)
    RCC_GetSYSCLKSource                      0x08002615   Thumb Code    12  stm32f4xx_rcc.o(.text)
    RCC_HCLKConfig                           0x08002621   Thumb Code    20  stm32f4xx_rcc.o(.text)
    RCC_PCLK1Config                          0x08002635   Thumb Code    20  stm32f4xx_rcc.o(.text)
    RCC_PCLK2Config                          0x08002649   Thumb Code    22  stm32f4xx_rcc.o(.text)
    RCC_GetClocksFreq                        0x0800265f   Thumb Code   222  stm32f4xx_rcc.o(.text)
    RCC_RTCCLKConfig                         0x0800273d   Thumb Code    54  stm32f4xx_rcc.o(.text)
    RCC_RTCCLKCmd                            0x08002773   Thumb Code     8  stm32f4xx_rcc.o(.text)
    RCC_BackupResetCmd                       0x0800277b   Thumb Code     8  stm32f4xx_rcc.o(.text)
    RCC_I2SCLKConfig                         0x08002783   Thumb Code     6  stm32f4xx_rcc.o(.text)
    RCC_SAIPLLI2SClkDivConfig                0x08002789   Thumb Code    26  stm32f4xx_rcc.o(.text)
    RCC_SAIPLLSAIClkDivConfig                0x080027a3   Thumb Code    28  stm32f4xx_rcc.o(.text)
    RCC_SAIBlockACLKConfig                   0x080027bf   Thumb Code    20  stm32f4xx_rcc.o(.text)
    RCC_SAIBlockBCLKConfig                   0x080027d3   Thumb Code    20  stm32f4xx_rcc.o(.text)
    RCC_LTDCCLKDivConfig                     0x080027e7   Thumb Code    20  stm32f4xx_rcc.o(.text)
    RCC_TIMCLKPresConfig                     0x080027fb   Thumb Code     6  stm32f4xx_rcc.o(.text)
    RCC_AHB1PeriphClockCmd                   0x08002801   Thumb Code    34  stm32f4xx_rcc.o(.text)
    RCC_AHB2PeriphClockCmd                   0x08002823   Thumb Code    78  stm32f4xx_rcc.o(.text)
    RCC_AHB3PeriphClockCmd                   0x08002871   Thumb Code    34  stm32f4xx_rcc.o(.text)
    RCC_APB1PeriphClockCmd                   0x08002893   Thumb Code    34  stm32f4xx_rcc.o(.text)
    RCC_APB2PeriphClockCmd                   0x080028b5   Thumb Code    34  stm32f4xx_rcc.o(.text)
    RCC_AHB1PeriphResetCmd                   0x080028d7   Thumb Code    34  stm32f4xx_rcc.o(.text)
    RCC_AHB2PeriphResetCmd                   0x080028f9   Thumb Code    34  stm32f4xx_rcc.o(.text)
    RCC_AHB3PeriphResetCmd                   0x0800291b   Thumb Code    34  stm32f4xx_rcc.o(.text)
    RCC_APB1PeriphResetCmd                   0x0800293d   Thumb Code    34  stm32f4xx_rcc.o(.text)
    RCC_APB2PeriphResetCmd                   0x0800295f   Thumb Code    34  stm32f4xx_rcc.o(.text)
    RCC_AHB1PeriphClockLPModeCmd             0x08002981   Thumb Code    34  stm32f4xx_rcc.o(.text)
    RCC_AHB2PeriphClockLPModeCmd             0x080029a3   Thumb Code    34  stm32f4xx_rcc.o(.text)
    RCC_AHB3PeriphClockLPModeCmd             0x080029c5   Thumb Code    34  stm32f4xx_rcc.o(.text)
    RCC_APB1PeriphClockLPModeCmd             0x080029e7   Thumb Code    34  stm32f4xx_rcc.o(.text)
    RCC_APB2PeriphClockLPModeCmd             0x08002a09   Thumb Code    34  stm32f4xx_rcc.o(.text)
    RCC_LSEModeConfig                        0x08002a2b   Thumb Code    40  stm32f4xx_rcc.o(.text)
    RCC_ITConfig                             0x08002a53   Thumb Code    34  stm32f4xx_rcc.o(.text)
    RCC_ClearFlag                            0x08002a75   Thumb Code    18  stm32f4xx_rcc.o(.text)
    RCC_GetITStatus                          0x08002a87   Thumb Code    22  stm32f4xx_rcc.o(.text)
    RCC_ClearITPendingBit                    0x08002a9d   Thumb Code     8  stm32f4xx_rcc.o(.text)
    USART_DeInit                             0x08002aa9   Thumb Code   206  stm32f4xx_usart.o(.text)
    USART_Init                               0x08002b77   Thumb Code   204  stm32f4xx_usart.o(.text)
    USART_StructInit                         0x08002c43   Thumb Code    24  stm32f4xx_usart.o(.text)
    USART_ClockInit                          0x08002c5b   Thumb Code    32  stm32f4xx_usart.o(.text)
    USART_ClockStructInit                    0x08002c7b   Thumb Code    12  stm32f4xx_usart.o(.text)
    USART_Cmd                                0x08002c87   Thumb Code    24  stm32f4xx_usart.o(.text)
    USART_SetPrescaler                       0x08002c9f   Thumb Code    16  stm32f4xx_usart.o(.text)
    USART_OverSampling8Cmd                   0x08002caf   Thumb Code    22  stm32f4xx_usart.o(.text)
    USART_OneBitMethodCmd                    0x08002cc5   Thumb Code    24  stm32f4xx_usart.o(.text)
    USART_SendData                           0x08002cdd   Thumb Code     8  stm32f4xx_usart.o(.text)
    USART_ReceiveData                        0x08002ce5   Thumb Code    10  stm32f4xx_usart.o(.text)
    USART_SetAddress                         0x08002cef   Thumb Code    18  stm32f4xx_usart.o(.text)
    USART_ReceiverWakeUpCmd                  0x08002d01   Thumb Code    24  stm32f4xx_usart.o(.text)
    USART_WakeUpConfig                       0x08002d19   Thumb Code    18  stm32f4xx_usart.o(.text)
    USART_LINBreakDetectLengthConfig         0x08002d2b   Thumb Code    18  stm32f4xx_usart.o(.text)
    USART_LINCmd                             0x08002d3d   Thumb Code    24  stm32f4xx_usart.o(.text)
    USART_SendBreak                          0x08002d55   Thumb Code    10  stm32f4xx_usart.o(.text)
    USART_HalfDuplexCmd                      0x08002d5f   Thumb Code    24  stm32f4xx_usart.o(.text)
    USART_SetGuardTime                       0x08002d77   Thumb Code    16  stm32f4xx_usart.o(.text)
    USART_SmartCardCmd                       0x08002d87   Thumb Code    24  stm32f4xx_usart.o(.text)
    USART_SmartCardNACKCmd                   0x08002d9f   Thumb Code    24  stm32f4xx_usart.o(.text)
    USART_IrDAConfig                         0x08002db7   Thumb Code    18  stm32f4xx_usart.o(.text)
    USART_IrDACmd                            0x08002dc9   Thumb Code    24  stm32f4xx_usart.o(.text)
    USART_DMACmd                             0x08002de1   Thumb Code    18  stm32f4xx_usart.o(.text)
    USART_ITConfig                           0x08002df3   Thumb Code    74  stm32f4xx_usart.o(.text)
    USART_GetFlagStatus                      0x08002e3d   Thumb Code    26  stm32f4xx_usart.o(.text)
    USART_ClearFlag                          0x08002e57   Thumb Code    18  stm32f4xx_usart.o(.text)
    USART_GetITStatus                        0x08002e69   Thumb Code   118  stm32f4xx_usart.o(.text)
    USART_ClearITPendingBit                  0x08002edf   Thumb Code    30  stm32f4xx_usart.o(.text)
    SYSCFG_DeInit                            0x08002efd   Thumb Code    22  stm32f4xx_syscfg.o(.text)
    SYSCFG_MemoryRemapConfig                 0x08002f13   Thumb Code     6  stm32f4xx_syscfg.o(.text)
    SYSCFG_MemorySwappingBank                0x08002f19   Thumb Code     6  stm32f4xx_syscfg.o(.text)
    SYSCFG_EXTILineConfig                    0x08002f1f   Thumb Code    66  stm32f4xx_syscfg.o(.text)
    SYSCFG_ETH_MediaInterfaceConfig          0x08002f61   Thumb Code     8  stm32f4xx_syscfg.o(.text)
    SYSCFG_CompensationCellCmd               0x08002f69   Thumb Code     6  stm32f4xx_syscfg.o(.text)
    SYSCFG_GetCompensationCellStatus         0x08002f6f   Thumb Code    22  stm32f4xx_syscfg.o(.text)
    ADC_DeInit                               0x08002f91   Thumb Code    22  stm32f4xx_adc.o(.text)
    ADC_Init                                 0x08002fa7   Thumb Code    74  stm32f4xx_adc.o(.text)
    ADC_StructInit                           0x08002ff1   Thumb Code    20  stm32f4xx_adc.o(.text)
    ADC_CommonInit                           0x08003005   Thumb Code    34  stm32f4xx_adc.o(.text)
    ADC_CommonStructInit                     0x08003027   Thumb Code    12  stm32f4xx_adc.o(.text)
    ADC_Cmd                                  0x08003033   Thumb Code    22  stm32f4xx_adc.o(.text)
    ADC_AnalogWatchdogCmd                    0x08003049   Thumb Code    16  stm32f4xx_adc.o(.text)
    ADC_AnalogWatchdogThresholdsConfig       0x08003059   Thumb Code     6  stm32f4xx_adc.o(.text)
    ADC_AnalogWatchdogSingleChannelConfig    0x0800305f   Thumb Code    16  stm32f4xx_adc.o(.text)
    ADC_TempSensorVrefintCmd                 0x0800306f   Thumb Code    34  stm32f4xx_adc.o(.text)
    ADC_VBATCmd                              0x08003091   Thumb Code    34  stm32f4xx_adc.o(.text)
    ADC_RegularChannelConfig                 0x080030b3   Thumb Code   184  stm32f4xx_adc.o(.text)
    ADC_SoftwareStartConv                    0x0800316b   Thumb Code    10  stm32f4xx_adc.o(.text)
    ADC_GetSoftwareStartConvStatus           0x08003175   Thumb Code    20  stm32f4xx_adc.o(.text)
    ADC_EOCOnEachRegularChannelCmd           0x08003189   Thumb Code    22  stm32f4xx_adc.o(.text)
    ADC_ContinuousModeCmd                    0x0800319f   Thumb Code    22  stm32f4xx_adc.o(.text)
    ADC_DiscModeChannelCountConfig           0x080031b5   Thumb Code    24  stm32f4xx_adc.o(.text)
    ADC_DiscModeCmd                          0x080031cd   Thumb Code    22  stm32f4xx_adc.o(.text)
    ADC_GetConversionValue                   0x080031e3   Thumb Code     8  stm32f4xx_adc.o(.text)
    ADC_GetMultiModeConversionValue          0x080031eb   Thumb Code     8  stm32f4xx_adc.o(.text)
    ADC_DMACmd                               0x080031f3   Thumb Code    22  stm32f4xx_adc.o(.text)
    ADC_DMARequestAfterLastTransferCmd       0x08003209   Thumb Code    22  stm32f4xx_adc.o(.text)
    ADC_MultiModeDMARequestAfterLastTransferCmd 0x0800321f   Thumb Code    34  stm32f4xx_adc.o(.text)
    ADC_InjectedChannelConfig                0x08003241   Thumb Code   130  stm32f4xx_adc.o(.text)
    ADC_InjectedSequencerLengthConfig        0x080032c3   Thumb Code    24  stm32f4xx_adc.o(.text)
    ADC_SetInjectedOffset                    0x080032db   Thumb Code    20  stm32f4xx_adc.o(.text)
    ADC_ExternalTrigInjectedConvConfig       0x080032ef   Thumb Code    16  stm32f4xx_adc.o(.text)
    ADC_ExternalTrigInjectedConvEdgeConfig   0x080032ff   Thumb Code    16  stm32f4xx_adc.o(.text)
    ADC_SoftwareStartInjectedConv            0x0800330f   Thumb Code    10  stm32f4xx_adc.o(.text)
    ADC_GetSoftwareStartInjectedConvCmdStatus 0x08003319   Thumb Code    20  stm32f4xx_adc.o(.text)
    ADC_AutoInjectedConvCmd                  0x0800332d   Thumb Code    22  stm32f4xx_adc.o(.text)
    ADC_InjectedDiscModeCmd                  0x08003343   Thumb Code    22  stm32f4xx_adc.o(.text)
    ADC_GetInjectedConversionValue           0x08003359   Thumb Code    28  stm32f4xx_adc.o(.text)
    ADC_ITConfig                             0x08003375   Thumb Code    56  stm32f4xx_adc.o(.text)
    ADC_GetFlagStatus                        0x080033ad   Thumb Code    18  stm32f4xx_adc.o(.text)
    ADC_ClearFlag                            0x080033bf   Thumb Code     6  stm32f4xx_adc.o(.text)
    ADC_GetITStatus                          0x080033c5   Thumb Code    38  stm32f4xx_adc.o(.text)
    ADC_ClearITPendingBit                    0x080033eb   Thumb Code    10  stm32f4xx_adc.o(.text)
    DMA_DeInit                               0x080033f5   Thumb Code   324  stm32f4xx_dma.o(.text)
    DMA_Init                                 0x08003539   Thumb Code    82  stm32f4xx_dma.o(.text)
    DMA_StructInit                           0x0800358b   Thumb Code    34  stm32f4xx_dma.o(.text)
    DMA_Cmd                                  0x080035ad   Thumb Code    22  stm32f4xx_dma.o(.text)
    DMA_PeriphIncOffsetSizeConfig            0x080035c3   Thumb Code    22  stm32f4xx_dma.o(.text)
    DMA_FlowControllerConfig                 0x080035d9   Thumb Code    22  stm32f4xx_dma.o(.text)
    DMA_SetCurrDataCounter                   0x080035ef   Thumb Code     4  stm32f4xx_dma.o(.text)
    DMA_GetCurrDataCounter                   0x080035f3   Thumb Code     8  stm32f4xx_dma.o(.text)
    DMA_DoubleBufferModeConfig               0x080035fb   Thumb Code    24  stm32f4xx_dma.o(.text)
    DMA_DoubleBufferModeCmd                  0x08003613   Thumb Code    22  stm32f4xx_dma.o(.text)
    DMA_MemoryTargetConfig                   0x08003629   Thumb Code    10  stm32f4xx_dma.o(.text)
    DMA_GetCurrentMemoryTarget               0x08003633   Thumb Code    20  stm32f4xx_dma.o(.text)
    DMA_GetCmdStatus                         0x08003647   Thumb Code    20  stm32f4xx_dma.o(.text)
    DMA_GetFIFOStatus                        0x0800365b   Thumb Code    12  stm32f4xx_dma.o(.text)
    DMA_GetFlagStatus                        0x08003667   Thumb Code    56  stm32f4xx_dma.o(.text)
    DMA_ClearFlag                            0x0800369f   Thumb Code    40  stm32f4xx_dma.o(.text)
    DMA_ITConfig                             0x080036c7   Thumb Code    58  stm32f4xx_dma.o(.text)
    DMA_GetITStatus                          0x08003701   Thumb Code    84  stm32f4xx_dma.o(.text)
    DMA_ClearITPendingBit                    0x08003755   Thumb Code    40  stm32f4xx_dma.o(.text)
    EXTI_DeInit                              0x0800379d   Thumb Code    28  stm32f4xx_exti.o(.text)
    EXTI_Init                                0x080037b9   Thumb Code   142  stm32f4xx_exti.o(.text)
    EXTI_StructInit                          0x08003847   Thumb Code    16  stm32f4xx_exti.o(.text)
    EXTI_GenerateSWInterrupt                 0x08003857   Thumb Code    16  stm32f4xx_exti.o(.text)
    EXTI_GetFlagStatus                       0x08003867   Thumb Code    22  stm32f4xx_exti.o(.text)
    EXTI_ClearFlag                           0x0800387d   Thumb Code     8  stm32f4xx_exti.o(.text)
    EXTI_GetITStatus                         0x08003885   Thumb Code    22  stm32f4xx_exti.o(.text)
    EXTI_ClearITPendingBit                   0x0800389b   Thumb Code     8  stm32f4xx_exti.o(.text)
    TIM_DeInit                               0x080038ad   Thumb Code   346  stm32f4xx_tim.o(.text)
    TIM_TimeBaseInit                         0x08003a07   Thumb Code   104  stm32f4xx_tim.o(.text)
    TIM_TimeBaseStructInit                   0x08003a6f   Thumb Code    18  stm32f4xx_tim.o(.text)
    TIM_PrescalerConfig                      0x08003a81   Thumb Code     6  stm32f4xx_tim.o(.text)
    TIM_CounterModeConfig                    0x08003a87   Thumb Code    18  stm32f4xx_tim.o(.text)
    TIM_SetCounter                           0x08003a99   Thumb Code     4  stm32f4xx_tim.o(.text)
    TIM_SetAutoreload                        0x08003a9d   Thumb Code     4  stm32f4xx_tim.o(.text)
    TIM_GetCounter                           0x08003aa1   Thumb Code     6  stm32f4xx_tim.o(.text)
    TIM_GetPrescaler                         0x08003aa7   Thumb Code     6  stm32f4xx_tim.o(.text)
    TIM_UpdateDisableConfig                  0x08003aad   Thumb Code    24  stm32f4xx_tim.o(.text)
    TIM_UpdateRequestConfig                  0x08003ac5   Thumb Code    24  stm32f4xx_tim.o(.text)
    TIM_ARRPreloadConfig                     0x08003add   Thumb Code    24  stm32f4xx_tim.o(.text)
    TIM_SelectOnePulseMode                   0x08003af5   Thumb Code    18  stm32f4xx_tim.o(.text)
    TIM_SetClockDivision                     0x08003b07   Thumb Code    18  stm32f4xx_tim.o(.text)
    TIM_Cmd                                  0x08003b19   Thumb Code    24  stm32f4xx_tim.o(.text)
    TIM_OC1Init                              0x08003b31   Thumb Code   114  stm32f4xx_tim.o(.text)
    TIM_OC2Init                              0x08003ba3   Thumb Code   154  stm32f4xx_tim.o(.text)
    TIM_OC3Init                              0x08003c3d   Thumb Code   204  stm32f4xx_tim.o(.text)
    TIM_OC4Init                              0x08003d09   Thumb Code   112  stm32f4xx_tim.o(.text)
    TIM_OCStructInit                         0x08003d79   Thumb Code    20  stm32f4xx_tim.o(.text)
    TIM_SelectOCxM                           0x08003d8d   Thumb Code    86  stm32f4xx_tim.o(.text)
    TIM_SetCompare1                          0x08003de3   Thumb Code     4  stm32f4xx_tim.o(.text)
    TIM_SetCompare2                          0x08003de7   Thumb Code     4  stm32f4xx_tim.o(.text)
    TIM_SetCompare3                          0x08003deb   Thumb Code     4  stm32f4xx_tim.o(.text)
    TIM_SetCompare4                          0x08003def   Thumb Code     4  stm32f4xx_tim.o(.text)
    TIM_ForcedOC1Config                      0x08003df3   Thumb Code    18  stm32f4xx_tim.o(.text)
    TIM_ForcedOC2Config                      0x08003e05   Thumb Code    26  stm32f4xx_tim.o(.text)
    TIM_ForcedOC3Config                      0x08003e1f   Thumb Code    18  stm32f4xx_tim.o(.text)
    TIM_ForcedOC4Config                      0x08003e31   Thumb Code    26  stm32f4xx_tim.o(.text)
    TIM_OC1PreloadConfig                     0x08003e4b   Thumb Code    18  stm32f4xx_tim.o(.text)
    TIM_OC2PreloadConfig                     0x08003e5d   Thumb Code    26  stm32f4xx_tim.o(.text)
    TIM_OC3PreloadConfig                     0x08003e77   Thumb Code    18  stm32f4xx_tim.o(.text)
    TIM_OC4PreloadConfig                     0x08003e89   Thumb Code    26  stm32f4xx_tim.o(.text)
    TIM_OC1FastConfig                        0x08003ea3   Thumb Code    18  stm32f4xx_tim.o(.text)
    TIM_OC2FastConfig                        0x08003eb5   Thumb Code    26  stm32f4xx_tim.o(.text)
    TIM_OC3FastConfig                        0x08003ecf   Thumb Code    18  stm32f4xx_tim.o(.text)
    TIM_OC4FastConfig                        0x08003ee1   Thumb Code    26  stm32f4xx_tim.o(.text)
    TIM_ClearOC1Ref                          0x08003efb   Thumb Code    18  stm32f4xx_tim.o(.text)
    TIM_ClearOC2Ref                          0x08003f0d   Thumb Code    24  stm32f4xx_tim.o(.text)
    TIM_ClearOC3Ref                          0x08003f25   Thumb Code    18  stm32f4xx_tim.o(.text)
    TIM_ClearOC4Ref                          0x08003f37   Thumb Code    24  stm32f4xx_tim.o(.text)
    TIM_OC1PolarityConfig                    0x08003f4f   Thumb Code    18  stm32f4xx_tim.o(.text)
    TIM_OC1NPolarityConfig                   0x08003f61   Thumb Code    18  stm32f4xx_tim.o(.text)
    TIM_OC2PolarityConfig                    0x08003f73   Thumb Code    26  stm32f4xx_tim.o(.text)
    TIM_OC2NPolarityConfig                   0x08003f8d   Thumb Code    26  stm32f4xx_tim.o(.text)
    TIM_OC3PolarityConfig                    0x08003fa7   Thumb Code    26  stm32f4xx_tim.o(.text)
    TIM_OC3NPolarityConfig                   0x08003fc1   Thumb Code    26  stm32f4xx_tim.o(.text)
    TIM_OC4PolarityConfig                    0x08003fdb   Thumb Code    26  stm32f4xx_tim.o(.text)
    TIM_CCxCmd                               0x08003ff5   Thumb Code    30  stm32f4xx_tim.o(.text)
    TIM_CCxNCmd                              0x08004013   Thumb Code    30  stm32f4xx_tim.o(.text)
    TIM_SetIC4Prescaler                      0x08004031   Thumb Code    26  stm32f4xx_tim.o(.text)
    TIM_SetIC3Prescaler                      0x0800409b   Thumb Code    18  stm32f4xx_tim.o(.text)
    TIM_SetIC2Prescaler                      0x080040f5   Thumb Code    26  stm32f4xx_tim.o(.text)
    TIM_SetIC1Prescaler                      0x08004169   Thumb Code    18  stm32f4xx_tim.o(.text)
    TIM_ICInit                               0x080041b5   Thumb Code   110  stm32f4xx_tim.o(.text)
    TIM_ICStructInit                         0x08004223   Thumb Code    18  stm32f4xx_tim.o(.text)
    TIM_PWMIConfig                           0x08004235   Thumb Code   124  stm32f4xx_tim.o(.text)
    TIM_GetCapture1                          0x080042b1   Thumb Code     6  stm32f4xx_tim.o(.text)
    TIM_GetCapture2                          0x080042b7   Thumb Code     6  stm32f4xx_tim.o(.text)
    TIM_GetCapture3                          0x080042bd   Thumb Code     6  stm32f4xx_tim.o(.text)
    TIM_GetCapture4                          0x080042c3   Thumb Code     6  stm32f4xx_tim.o(.text)
    TIM_BDTRConfig                           0x080042c9   Thumb Code    32  stm32f4xx_tim.o(.text)
    TIM_BDTRStructInit                       0x080042e9   Thumb Code    18  stm32f4xx_tim.o(.text)
    TIM_CtrlPWMOutputs                       0x080042fb   Thumb Code    30  stm32f4xx_tim.o(.text)
    TIM_SelectCOM                            0x08004319   Thumb Code    24  stm32f4xx_tim.o(.text)
    TIM_CCPreloadControl                     0x08004331   Thumb Code    24  stm32f4xx_tim.o(.text)
    TIM_ITConfig                             0x08004349   Thumb Code    18  stm32f4xx_tim.o(.text)
    TIM_GenerateEvent                        0x0800435b   Thumb Code     4  stm32f4xx_tim.o(.text)
    TIM_GetFlagStatus                        0x0800435f   Thumb Code    18  stm32f4xx_tim.o(.text)
    TIM_ClearFlag                            0x08004371   Thumb Code     6  stm32f4xx_tim.o(.text)
    TIM_GetITStatus                          0x08004377   Thumb Code    34  stm32f4xx_tim.o(.text)
    TIM_ClearITPendingBit                    0x08004399   Thumb Code     6  stm32f4xx_tim.o(.text)
    TIM_DMAConfig                            0x0800439f   Thumb Code    10  stm32f4xx_tim.o(.text)
    TIM_DMACmd                               0x080043a9   Thumb Code    18  stm32f4xx_tim.o(.text)
    TIM_SelectCCDMA                          0x080043bb   Thumb Code    24  stm32f4xx_tim.o(.text)
    TIM_InternalClockConfig                  0x080043d3   Thumb Code    12  stm32f4xx_tim.o(.text)
    TIM_SelectInputTrigger                   0x080043df   Thumb Code    18  stm32f4xx_tim.o(.text)
    TIM_ITRxExternalClockConfig              0x080043f1   Thumb Code    24  stm32f4xx_tim.o(.text)
    TIM_TIxExternalClockConfig               0x08004409   Thumb Code    62  stm32f4xx_tim.o(.text)
    TIM_ETRConfig                            0x08004447   Thumb Code    28  stm32f4xx_tim.o(.text)
    TIM_ETRClockMode1Config                  0x08004463   Thumb Code    54  stm32f4xx_tim.o(.text)
    TIM_ETRClockMode2Config                  0x08004499   Thumb Code    32  stm32f4xx_tim.o(.text)
    TIM_SelectOutputTrigger                  0x080044b9   Thumb Code    18  stm32f4xx_tim.o(.text)
    TIM_SelectSlaveMode                      0x080044cb   Thumb Code    18  stm32f4xx_tim.o(.text)
    TIM_SelectMasterSlaveMode                0x080044dd   Thumb Code    18  stm32f4xx_tim.o(.text)
    TIM_EncoderInterfaceConfig               0x080044ef   Thumb Code    66  stm32f4xx_tim.o(.text)
    TIM_SelectHallSensor                     0x08004531   Thumb Code    24  stm32f4xx_tim.o(.text)
    TIM_RemapConfig                          0x08004549   Thumb Code     6  stm32f4xx_tim.o(.text)
    __use_no_semihosting                     0x0800454f   Thumb Code     2  use_no_semi_2.o(.text)
    __2printf                                0x08004551   Thumb Code    20  noretval__2printf.o(.text)
    __printf                                 0x08004569   Thumb Code   104  __printf.o(.text)
    _printf_int_dec                          0x080045d1   Thumb Code   104  _printf_dec.o(.text)
    __aeabi_memclr4                          0x08004649   Thumb Code     0  rt_memclr_w.o(.text)
    __aeabi_memclr8                          0x08004649   Thumb Code     0  rt_memclr_w.o(.text)
    __rt_memclr_w                            0x08004649   Thumb Code    78  rt_memclr_w.o(.text)
    _memset_w                                0x0800464d   Thumb Code     0  rt_memclr_w.o(.text)
    __use_two_region_memory                  0x08004697   Thumb Code     2  heapauxi.o(.text)
    __rt_heap_escrow$2region                 0x08004699   Thumb Code     2  heapauxi.o(.text)
    __rt_heap_expand$2region                 0x0800469b   Thumb Code     2  heapauxi.o(.text)
    __I$use$semihosting                      0x0800469d   Thumb Code     0  use_no_semi.o(.text)
    __use_no_semihosting_swi                 0x0800469d   Thumb Code     2  use_no_semi.o(.text)
    __read_errno                             0x0800469f   Thumb Code    10  _rserrno.o(.text)
    __set_errno                              0x080046a9   Thumb Code    12  _rserrno.o(.text)
    _printf_int_common                       0x080046b5   Thumb Code   178  _printf_intcommon.o(.text)
    __lib_sel_fp_printf                      0x08004767   Thumb Code     2  _printf_fp_dec.o(.text)
    _printf_fp_dec_real                      0x08004915   Thumb Code   620  _printf_fp_dec.o(.text)
    _printf_char_file                        0x08004b81   Thumb Code    32  _printf_char_file.o(.text)
    __rt_locale                              0x08004ba5   Thumb Code     8  rt_locale_intlibspace.o(.text)
    __aeabi_errno_addr                       0x08004bad   Thumb Code     8  rt_errno_addr_intlibspace.o(.text)
    __errno$intlibspace                      0x08004bad   Thumb Code     0  rt_errno_addr_intlibspace.o(.text)
    __rt_errno_addr$intlibspace              0x08004bad   Thumb Code     0  rt_errno_addr_intlibspace.o(.text)
    _ll_udiv10                               0x08004bb5   Thumb Code   138  lludiv10.o(.text)
    _printf_char_common                      0x08004c4b   Thumb Code    32  _printf_char_common.o(.text)
    _printf_fp_infnan                        0x08004c71   Thumb Code   112  _printf_fp_infnan.o(.text)
    _btod_etento                             0x08004cf1   Thumb Code   216  bigflt0.o(.text)
    ferror                                   0x08004dcd   Thumb Code     8  ferror.o(.text)
    __user_libspace                          0x08004dd5   Thumb Code     8  libspace.o(.text)
    __user_perproc_libspace                  0x08004dd5   Thumb Code     0  libspace.o(.text)
    __user_perthread_libspace                0x08004dd5   Thumb Code     0  libspace.o(.text)
    __user_setup_stackheap                   0x08004ddd   Thumb Code    74  sys_stackheap_outer.o(.text)
    exit                                     0x08004e27   Thumb Code    12  exit.o(.text)
    strcmp                                   0x08004e35   Thumb Code   128  strcmpv7m.o(.text)
    _btod_d2e                                0x08004eb5   Thumb Code    62  btod.o(CL$$btod_d2e)
    _d2e_denorm_low                          0x08004ef3   Thumb Code    70  btod.o(CL$$btod_d2e_denorm_low)
    _d2e_norm_op1                            0x08004f39   Thumb Code    96  btod.o(CL$$btod_d2e_norm_op1)
    __btod_div_common                        0x08004f99   Thumb Code   696  btod.o(CL$$btod_div_common)
    _e2e                                     0x080052d1   Thumb Code   198  btod.o(CL$$btod_e2e)
    _btod_ediv                               0x08005397   Thumb Code    40  btod.o(CL$$btod_ediv)
    _btod_emul                               0x080053bf   Thumb Code    40  btod.o(CL$$btod_emul)
    __btod_mult_common                       0x080053e7   Thumb Code   580  btod.o(CL$$btod_mult_common)
    __ARM_fpclassify                         0x0800562b   Thumb Code    48  fpclassify.o(i.__ARM_fpclassify)
    __hardfp_sin                             0x08005661   Thumb Code   180  sin.o(i.__hardfp_sin)
    __hardfp_sqrt                            0x08005729   Thumb Code   122  sqrt.o(i.__hardfp_sqrt)
    __ieee754_rem_pio2                       0x080057a9   Thumb Code   938  rred.o(i.__ieee754_rem_pio2)
    __kernel_cos                             0x08005be1   Thumb Code   322  cos_i.o(i.__kernel_cos)
    __kernel_poly                            0x08005d51   Thumb Code   248  poly.o(i.__kernel_poly)
    __kernel_sin                             0x08005e49   Thumb Code   280  sin_i.o(i.__kernel_sin)
    __mathlib_dbl_infnan                     0x08005f79   Thumb Code    20  dunder.o(i.__mathlib_dbl_infnan)
    __mathlib_dbl_invalid                    0x08005f91   Thumb Code    24  dunder.o(i.__mathlib_dbl_invalid)
    __mathlib_dbl_underflow                  0x08005fb1   Thumb Code    24  dunder.o(i.__mathlib_dbl_underflow)
    fabs                                     0x08005fd1   Thumb Code    24  fabs.o(i.fabs)
    _get_lc_numeric                          0x08005fe9   Thumb Code    44  lc_numeric_c.o(locale$$code)
    __aeabi_dneg                             0x08006015   Thumb Code     0  basic.o(x$fpl$basic)
    _dneg                                    0x08006015   Thumb Code     6  basic.o(x$fpl$basic)
    __aeabi_fneg                             0x0800601b   Thumb Code     0  basic.o(x$fpl$basic)
    _fneg                                    0x0800601b   Thumb Code     6  basic.o(x$fpl$basic)
    _dabs                                    0x08006021   Thumb Code     6  basic.o(x$fpl$basic)
    _fabs                                    0x08006027   Thumb Code     6  basic.o(x$fpl$basic)
    __aeabi_dadd                             0x0800602d   Thumb Code     0  daddsub_clz.o(x$fpl$dadd)
    _dadd                                    0x0800602d   Thumb Code   332  daddsub_clz.o(x$fpl$dadd)
    __fpl_dcmp_Inf                           0x0800617d   Thumb Code    24  dcmpi.o(x$fpl$dcmpinf)
    __aeabi_ddiv                             0x08006195   Thumb Code     0  ddiv.o(x$fpl$ddiv)
    _ddiv                                    0x08006195   Thumb Code   552  ddiv.o(x$fpl$ddiv)
    __aeabi_d2iz                             0x08006445   Thumb Code     0  dfix.o(x$fpl$dfix)
    _dfix                                    0x08006445   Thumb Code    94  dfix.o(x$fpl$dfix)
    __aeabi_i2d                              0x080064a3   Thumb Code     0  dflt_clz.o(x$fpl$dflt)
    _dflt                                    0x080064a3   Thumb Code    46  dflt_clz.o(x$fpl$dflt)
    __aeabi_ui2d                             0x080064d1   Thumb Code     0  dflt_clz.o(x$fpl$dfltu)
    _dfltu                                   0x080064d1   Thumb Code    38  dflt_clz.o(x$fpl$dfltu)
    __aeabi_cdcmple                          0x080064f9   Thumb Code     0  dleqf.o(x$fpl$dleqf)
    _dcmple                                  0x080064f9   Thumb Code   120  dleqf.o(x$fpl$dleqf)
    __fpl_dcmple_InfNaN                      0x0800655b   Thumb Code     0  dleqf.o(x$fpl$dleqf)
    __aeabi_dmul                             0x08006571   Thumb Code     0  dmul.o(x$fpl$dmul)
    _dmul                                    0x08006571   Thumb Code   332  dmul.o(x$fpl$dmul)
    __fpl_dnaninf                            0x080066c5   Thumb Code   156  dnaninf.o(x$fpl$dnaninf)
    __fpl_dretinf                            0x08006761   Thumb Code    12  dretinf.o(x$fpl$dretinf)
    __aeabi_cdrcmple                         0x0800676d   Thumb Code     0  drleqf.o(x$fpl$drleqf)
    _drcmple                                 0x0800676d   Thumb Code   108  drleqf.o(x$fpl$drleqf)
    __aeabi_drsub                            0x080067d9   Thumb Code     0  daddsub_clz.o(x$fpl$drsb)
    _drsb                                    0x080067d9   Thumb Code    22  daddsub_clz.o(x$fpl$drsb)
    _dsqrt                                   0x080067f1   Thumb Code   404  dsqrt_umaal.o(x$fpl$dsqrt)
    __aeabi_dsub                             0x08006989   Thumb Code     0  daddsub_clz.o(x$fpl$dsub)
    _dsub                                    0x08006989   Thumb Code   464  daddsub_clz.o(x$fpl$dsub)
    __aeabi_f2d                              0x08006b5d   Thumb Code     0  f2d.o(x$fpl$f2d)
    _f2d                                     0x08006b5d   Thumb Code    86  f2d.o(x$fpl$f2d)
    __fpl_fnaninf                            0x08006bb3   Thumb Code   140  fnaninf.o(x$fpl$fnaninf)
    _fp_init                                 0x08006c3f   Thumb Code    10  fpinit.o(x$fpl$fpinit)
    __fplib_config_fpu_vfp                   0x08006c47   Thumb Code     0  fpinit.o(x$fpl$fpinit)
    __fplib_config_pureend_doubles           0x08006c47   Thumb Code     0  fpinit.o(x$fpl$fpinit)
    _printf_fp_dec                           0x08006c49   Thumb Code     4  printf1.o(x$fpl$printf1)
    __I$use$fp                               0x08006c4c   Number         0  usenofp.o(x$fpl$usenofp)
    ascii_1608                               0x08006c4c   Data        1520  lcd.o(.constdata)
    ascii_3216                               0x0800723c   Data        6080  lcd.o(.constdata)
    tfont16                                  0x080089fc   Data         170  lcd.o(.constdata)
    tfont24                                  0x08008aa6   Data         370  lcd.o(.constdata)
    tfont32                                  0x08008c18   Data         650  lcd.o(.constdata)
    Region$$Table$$Base                      0x0800905c   Number         0  anon$$obj.o(Region$$Table)
    Region$$Table$$Limit                     0x0800907c   Number         0  anon$$obj.o(Region$$Table)
    AC_MAX                                   0x20000000   Data           4  main.o(.data)
    DC_v0ltmeter                             0x20000004   Data           4  main.o(.data)
    DC_I0ltmeter                             0x20000008   Data           4  main.o(.data)
    k                                        0x2000000c   Data           4  main.o(.data)
    SystemCoreClock                          0x20000010   Data           4  system_stm32f4xx.o(.data)
    AHBPrescTable                            0x20000014   Data          16  system_stm32f4xx.o(.data)
    Kp                                       0x20000024   Data           4  exti.o(.data)
    Ki                                       0x20000028   Data           4  exti.o(.data)
    Kd                                       0x2000002c   Data           4  exti.o(.data)
    Out_Pwm                                  0x20000048   Data           4  time.o(.data)
    After_filter                             0x20000050   Data           8  adc.o(.data)
    __stdout                                 0x20000064   Data           4  usart.o(.data)
    USART_RX_STA                             0x20000068   Data           2  usart.o(.data)
    AD_Value                                 0x2000007c   Data         120  adc.o(.bss)
    USART_RX_BUF                             0x20000174   Data         200  usart.o(.bss)
    __libspace_start                         0x2000023c   Data          96  libspace.o(.bss)
    __temporary_stack_top$libspace           0x2000029c   Data           0  libspace.o(.bss)



==============================================================================

Memory Map of the image

  Image Entry point : 0x08000189

  Load Region LR_IROM1 (Base: 0x08000000, Size: 0x00009114, Max: 0x00100000, ABSOLUTE)

    Execution Region ER_IROM1 (Base: 0x08000000, Size: 0x00009098, Max: 0x00100000, ABSOLUTE)

    Base Addr    Size         Type   Attr      Idx    E Section Name        Object

    0x08000000   0x00000188   Data   RO          567    RESET               startup_stm32f40_41xxx.o
    0x08000188   0x00000008   Code   RO         1305  * !!!main             c_w.l(__main.o)
    0x08000190   0x00000034   Code   RO         1627    !!!scatter          c_w.l(__scatter.o)
    0x080001c4   0x0000001a   Code   RO         1629    !!handler_copy      c_w.l(__scatter_copy.o)
    0x080001de   0x00000002   PAD
    0x080001e0   0x0000001c   Code   RO         1631    !!handler_zi        c_w.l(__scatter_zi.o)
    0x080001fc   0x00000000   Code   RO         1300    .ARM.Collect$$_printf_percent$$00000000  c_w.l(_printf_percent.o)
    0x080001fc   0x00000006   Code   RO         1299    .ARM.Collect$$_printf_percent$$00000003  c_w.l(_printf_f.o)
    0x08000202   0x00000006   Code   RO         1298    .ARM.Collect$$_printf_percent$$00000009  c_w.l(_printf_d.o)
    0x08000208   0x00000004   Code   RO         1372    .ARM.Collect$$_printf_percent$$00000017  c_w.l(_printf_percent_end.o)
    0x0800020c   0x00000002   Code   RO         1505    .ARM.Collect$$libinit$$00000000  c_w.l(libinit.o)
    0x0800020e   0x00000004   Code   RO         1506    .ARM.Collect$$libinit$$00000001  c_w.l(libinit2.o)
    0x08000212   0x00000000   Code   RO         1509    .ARM.Collect$$libinit$$00000004  c_w.l(libinit2.o)
    0x08000212   0x00000000   Code   RO         1512    .ARM.Collect$$libinit$$0000000A  c_w.l(libinit2.o)
    0x08000212   0x00000000   Code   RO         1514    .ARM.Collect$$libinit$$0000000C  c_w.l(libinit2.o)
    0x08000212   0x00000000   Code   RO         1516    .ARM.Collect$$libinit$$0000000E  c_w.l(libinit2.o)
    0x08000212   0x00000006   Code   RO         1517    .ARM.Collect$$libinit$$0000000F  c_w.l(libinit2.o)
    0x08000218   0x00000000   Code   RO         1519    .ARM.Collect$$libinit$$00000011  c_w.l(libinit2.o)
    0x08000218   0x00000000   Code   RO         1521    .ARM.Collect$$libinit$$00000013  c_w.l(libinit2.o)
    0x08000218   0x00000000   Code   RO         1523    .ARM.Collect$$libinit$$00000015  c_w.l(libinit2.o)
    0x08000218   0x0000000a   Code   RO         1524    .ARM.Collect$$libinit$$00000016  c_w.l(libinit2.o)
    0x08000222   0x00000000   Code   RO         1525    .ARM.Collect$$libinit$$00000017  c_w.l(libinit2.o)
    0x08000222   0x00000000   Code   RO         1527    .ARM.Collect$$libinit$$00000019  c_w.l(libinit2.o)
    0x08000222   0x00000000   Code   RO         1529    .ARM.Collect$$libinit$$0000001B  c_w.l(libinit2.o)
    0x08000222   0x00000000   Code   RO         1531    .ARM.Collect$$libinit$$0000001D  c_w.l(libinit2.o)
    0x08000222   0x00000000   Code   RO         1533    .ARM.Collect$$libinit$$0000001F  c_w.l(libinit2.o)
    0x08000222   0x00000000   Code   RO         1535    .ARM.Collect$$libinit$$00000021  c_w.l(libinit2.o)
    0x08000222   0x00000000   Code   RO         1537    .ARM.Collect$$libinit$$00000023  c_w.l(libinit2.o)
    0x08000222   0x00000000   Code   RO         1539    .ARM.Collect$$libinit$$00000025  c_w.l(libinit2.o)
    0x08000222   0x00000000   Code   RO         1543    .ARM.Collect$$libinit$$0000002C  c_w.l(libinit2.o)
    0x08000222   0x00000000   Code   RO         1545    .ARM.Collect$$libinit$$0000002E  c_w.l(libinit2.o)
    0x08000222   0x00000000   Code   RO         1547    .ARM.Collect$$libinit$$00000030  c_w.l(libinit2.o)
    0x08000222   0x00000000   Code   RO         1549    .ARM.Collect$$libinit$$00000032  c_w.l(libinit2.o)
    0x08000222   0x00000002   Code   RO         1550    .ARM.Collect$$libinit$$00000033  c_w.l(libinit2.o)
    0x08000224   0x00000002   Code   RO         1578    .ARM.Collect$$libshutdown$$00000000  c_w.l(libshutdown.o)
    0x08000226   0x00000000   Code   RO         1588    .ARM.Collect$$libshutdown$$00000003  c_w.l(libshutdown2.o)
    0x08000226   0x00000000   Code   RO         1591    .ARM.Collect$$libshutdown$$00000006  c_w.l(libshutdown2.o)
    0x08000226   0x00000000   Code   RO         1594    .ARM.Collect$$libshutdown$$00000009  c_w.l(libshutdown2.o)
    0x08000226   0x00000000   Code   RO         1596    .ARM.Collect$$libshutdown$$0000000B  c_w.l(libshutdown2.o)
    0x08000226   0x00000000   Code   RO         1599    .ARM.Collect$$libshutdown$$0000000E  c_w.l(libshutdown2.o)
    0x08000226   0x00000002   Code   RO         1600    .ARM.Collect$$libshutdown$$0000000F  c_w.l(libshutdown2.o)
    0x08000228   0x00000000   Code   RO         1363    .ARM.Collect$$rtentry$$00000000  c_w.l(__rtentry.o)
    0x08000228   0x00000000   Code   RO         1415    .ARM.Collect$$rtentry$$00000002  c_w.l(__rtentry2.o)
    0x08000228   0x00000006   Code   RO         1427    .ARM.Collect$$rtentry$$00000004  c_w.l(__rtentry4.o)
    0x0800022e   0x00000000   Code   RO         1417    .ARM.Collect$$rtentry$$00000009  c_w.l(__rtentry2.o)
    0x0800022e   0x00000004   Code   RO         1418    .ARM.Collect$$rtentry$$0000000A  c_w.l(__rtentry2.o)
    0x08000232   0x00000000   Code   RO         1420    .ARM.Collect$$rtentry$$0000000C  c_w.l(__rtentry2.o)
    0x08000232   0x00000008   Code   RO         1421    .ARM.Collect$$rtentry$$0000000D  c_w.l(__rtentry2.o)
    0x0800023a   0x00000002   Code   RO         1551    .ARM.Collect$$rtexit$$00000000  c_w.l(rtexit.o)
    0x0800023c   0x00000000   Code   RO         1558    .ARM.Collect$$rtexit$$00000002  c_w.l(rtexit2.o)
    0x0800023c   0x00000004   Code   RO         1559    .ARM.Collect$$rtexit$$00000003  c_w.l(rtexit2.o)
    0x08000240   0x00000006   Code   RO         1560    .ARM.Collect$$rtexit$$00000004  c_w.l(rtexit2.o)
    0x08000246   0x00000002   PAD
    0x08000248   0x000000a8   Code   RO            3    .text               main.o
    0x080002f0   0x0000001a   Code   RO          180    .text               stm32f4xx_it.o
    0x0800030a   0x00000002   PAD
    0x0800030c   0x00000210   Code   RO          229    .text               system_stm32f4xx.o
    0x0800051c   0x00000348   Code   RO          275    .text               lcd_init.o
    0x08000864   0x00000934   Code   RO          295    .text               lcd.o
    0x08001198   0x00000200   Code   RO          321    .text               exti.o
    0x08001398   0x00000144   Code   RO          374    .text               key.o
    0x080014dc   0x0000024c   Code   RO          395    .text               pid.o
    0x08001728   0x00000214   Code   RO          420    .text               pwm.o
    0x0800193c   0x0000021c   Code   RO          445    .text               time.o
    0x08001b58   0x000002f4   Code   RO          469    .text               adc.o
    0x08001e4c   0x00000104   Code   RO          496    .text               delay.o
    0x08001f50   0x00000148   Code   RO          536    .text               usart.o
    0x08002098   0x00000040   Code   RO          568    .text               startup_stm32f40_41xxx.o
    0x080020d8   0x000000e0   Code   RO          574    .text               misc.o
    0x080021b8   0x00000294   Code   RO          594    .text               stm32f4xx_gpio.o
    0x0800244c   0x0000065c   Code   RO          614    .text               stm32f4xx_rcc.o
    0x08002aa8   0x00000454   Code   RO          636    .text               stm32f4xx_usart.o
    0x08002efc   0x00000094   Code   RO          656    .text               stm32f4xx_syscfg.o
    0x08002f90   0x00000464   Code   RO          676    .text               stm32f4xx_adc.o
    0x080033f4   0x000003a8   Code   RO          876    .text               stm32f4xx_dma.o
    0x0800379c   0x00000110   Code   RO          919    .text               stm32f4xx_exti.o
    0x080038ac   0x00000ca2   Code   RO         1228    .text               stm32f4xx_tim.o
    0x0800454e   0x00000002   Code   RO         1268    .text               c_w.l(use_no_semi_2.o)
    0x08004550   0x00000018   Code   RO         1272    .text               c_w.l(noretval__2printf.o)
    0x08004568   0x00000068   Code   RO         1274    .text               c_w.l(__printf.o)
    0x080045d0   0x00000078   Code   RO         1276    .text               c_w.l(_printf_dec.o)
    0x08004648   0x0000004e   Code   RO         1301    .text               c_w.l(rt_memclr_w.o)
    0x08004696   0x00000006   Code   RO         1303    .text               c_w.l(heapauxi.o)
    0x0800469c   0x00000002   Code   RO         1361    .text               c_w.l(use_no_semi.o)
    0x0800469e   0x00000016   Code   RO         1364    .text               c_w.l(_rserrno.o)
    0x080046b4   0x000000b2   Code   RO         1366    .text               c_w.l(_printf_intcommon.o)
    0x08004766   0x0000041a   Code   RO         1368    .text               c_w.l(_printf_fp_dec.o)
    0x08004b80   0x00000024   Code   RO         1370    .text               c_w.l(_printf_char_file.o)
    0x08004ba4   0x00000008   Code   RO         1432    .text               c_w.l(rt_locale_intlibspace.o)
    0x08004bac   0x00000008   Code   RO         1437    .text               c_w.l(rt_errno_addr_intlibspace.o)
    0x08004bb4   0x0000008a   Code   RO         1439    .text               c_w.l(lludiv10.o)
    0x08004c3e   0x00000002   PAD
    0x08004c40   0x00000030   Code   RO         1441    .text               c_w.l(_printf_char_common.o)
    0x08004c70   0x00000080   Code   RO         1443    .text               c_w.l(_printf_fp_infnan.o)
    0x08004cf0   0x000000dc   Code   RO         1445    .text               c_w.l(bigflt0.o)
    0x08004dcc   0x00000008   Code   RO         1470    .text               c_w.l(ferror.o)
    0x08004dd4   0x00000008   Code   RO         1489    .text               c_w.l(libspace.o)
    0x08004ddc   0x0000004a   Code   RO         1492    .text               c_w.l(sys_stackheap_outer.o)
    0x08004e26   0x0000000c   Code   RO         1496    .text               c_w.l(exit.o)
    0x08004e32   0x00000002   PAD
    0x08004e34   0x00000080   Code   RO         1498    .text               c_w.l(strcmpv7m.o)
    0x08004eb4   0x0000003e   Code   RO         1448    CL$$btod_d2e        c_w.l(btod.o)
    0x08004ef2   0x00000046   Code   RO         1450    CL$$btod_d2e_denorm_low  c_w.l(btod.o)
    0x08004f38   0x00000060   Code   RO         1449    CL$$btod_d2e_norm_op1  c_w.l(btod.o)
    0x08004f98   0x00000338   Code   RO         1458    CL$$btod_div_common  c_w.l(btod.o)
    0x080052d0   0x000000c6   Code   RO         1455    CL$$btod_e2e        c_w.l(btod.o)
    0x08005396   0x00000028   Code   RO         1452    CL$$btod_ediv       c_w.l(btod.o)
    0x080053be   0x00000028   Code   RO         1451    CL$$btod_emul       c_w.l(btod.o)
    0x080053e6   0x00000244   Code   RO         1457    CL$$btod_mult_common  c_w.l(btod.o)
    0x0800562a   0x00000030   Code   RO         1485    i.__ARM_fpclassify  m_wm.l(fpclassify.o)
    0x0800565a   0x00000006   PAD
    0x08005660   0x000000c8   Code   RO         1337    i.__hardfp_sin      m_wm.l(sin.o)
    0x08005728   0x0000007a   Code   RO         1349    i.__hardfp_sqrt     m_wm.l(sqrt.o)
    0x080057a2   0x00000006   PAD
    0x080057a8   0x00000438   Code   RO         1403    i.__ieee754_rem_pio2  m_wm.l(rred.o)
    0x08005be0   0x00000170   Code   RO         1386    i.__kernel_cos      m_wm.l(cos_i.o)
    0x08005d50   0x000000f8   Code   RO         1487    i.__kernel_poly     m_wm.l(poly.o)
    0x08005e48   0x00000130   Code   RO         1408    i.__kernel_sin      m_wm.l(sin_i.o)
    0x08005f78   0x00000014   Code   RO         1390    i.__mathlib_dbl_infnan  m_wm.l(dunder.o)
    0x08005f8c   0x00000004   PAD
    0x08005f90   0x00000020   Code   RO         1392    i.__mathlib_dbl_invalid  m_wm.l(dunder.o)
    0x08005fb0   0x00000020   Code   RO         1395    i.__mathlib_dbl_underflow  m_wm.l(dunder.o)
    0x08005fd0   0x00000018   Code   RO         1481    i.fabs              m_wm.l(fabs.o)
    0x08005fe8   0x0000002c   Code   RO         1475    locale$$code        c_w.l(lc_numeric_c.o)
    0x08006014   0x00000018   Code   RO         1373    x$fpl$basic         fz_wm.l(basic.o)
    0x0800602c   0x00000150   Code   RO         1307    x$fpl$dadd          fz_wm.l(daddsub_clz.o)
    0x0800617c   0x00000018   Code   RO         1375    x$fpl$dcmpinf       fz_wm.l(dcmpi.o)
    0x08006194   0x000002b0   Code   RO         1314    x$fpl$ddiv          fz_wm.l(ddiv.o)
    0x08006444   0x0000005e   Code   RO         1317    x$fpl$dfix          fz_wm.l(dfix.o)
    0x080064a2   0x0000002e   Code   RO         1322    x$fpl$dflt          fz_wm.l(dflt_clz.o)
    0x080064d0   0x00000026   Code   RO         1321    x$fpl$dfltu         fz_wm.l(dflt_clz.o)
    0x080064f6   0x00000002   PAD
    0x080064f8   0x00000078   Code   RO         1327    x$fpl$dleqf         fz_wm.l(dleqf.o)
    0x08006570   0x00000154   Code   RO         1329    x$fpl$dmul          fz_wm.l(dmul.o)
    0x080066c4   0x0000009c   Code   RO         1377    x$fpl$dnaninf       fz_wm.l(dnaninf.o)
    0x08006760   0x0000000c   Code   RO         1379    x$fpl$dretinf       fz_wm.l(dretinf.o)
    0x0800676c   0x0000006c   Code   RO         1331    x$fpl$drleqf        fz_wm.l(drleqf.o)
    0x080067d8   0x00000016   Code   RO         1308    x$fpl$drsb          fz_wm.l(daddsub_clz.o)
    0x080067ee   0x00000002   PAD
    0x080067f0   0x00000198   Code   RO         1381    x$fpl$dsqrt         fz_wm.l(dsqrt_umaal.o)
    0x08006988   0x000001d4   Code   RO         1309    x$fpl$dsub          fz_wm.l(daddsub_clz.o)
    0x08006b5c   0x00000056   Code   RO         1333    x$fpl$f2d           fz_wm.l(f2d.o)
    0x08006bb2   0x0000008c   Code   RO         1383    x$fpl$fnaninf       fz_wm.l(fnaninf.o)
    0x08006c3e   0x0000000a   Code   RO         1555    x$fpl$fpinit        fz_wm.l(fpinit.o)
    0x08006c48   0x00000004   Code   RO         1335    x$fpl$printf1       fz_wm.l(printf1.o)
    0x08006c4c   0x00000000   Code   RO         1385    x$fpl$usenofp       fz_wm.l(usenofp.o)
    0x08006c4c   0x00002256   Data   RO          296    .constdata          lcd.o
    0x08008ea2   0x00000006   PAD
    0x08008ea8   0x00000030   Data   RO         1387    .constdata          m_wm.l(cos_i.o)
    0x08008ed8   0x000000c8   Data   RO         1405    .constdata          m_wm.l(rred.o)
    0x08008fa0   0x00000028   Data   RO         1409    .constdata          m_wm.l(sin_i.o)
    0x08008fc8   0x00000094   Data   RO         1446    .constdata          c_w.l(bigflt0.o)
    0x0800905c   0x00000020   Data   RO         1625    Region$$Table       anon$$obj.o
    0x0800907c   0x0000001c   Data   RO         1474    locale$$data        c_w.l(lc_numeric_c.o)


    Execution Region RW_IRAM1 (Base: 0x20000000, Size: 0x000008a0, Max: 0x00020000, ABSOLUTE)

    Base Addr    Size         Type   Attr      Idx    E Section Name        Object

    0x20000000   0x00000010   Data   RW            6    .data               main.o
    0x20000010   0x00000014   Data   RW          230    .data               system_stm32f4xx.o
    0x20000024   0x0000000c   Data   RW          322    .data               exti.o
    0x20000030   0x00000001   Data   RW          375    .data               key.o
    0x20000031   0x00000003   PAD
    0x20000034   0x00000014   Data   RW          396    .data               pid.o
    0x20000048   0x00000008   Data   RW          446    .data               time.o
    0x20000050   0x00000010   Data   RW          471    .data               adc.o
    0x20000060   0x00000004   Data   RW          497    .data               delay.o
    0x20000064   0x00000006   Data   RW          538    .data               usart.o
    0x2000006a   0x00000010   Data   RW          615    .data               stm32f4xx_rcc.o
    0x2000007a   0x00000002   PAD
    0x2000007c   0x000000f8   Zero   RW          470    .bss                adc.o
    0x20000174   0x000000c8   Zero   RW          537    .bss                usart.o
    0x2000023c   0x00000060   Zero   RW         1490    .bss                c_w.l(libspace.o)
    0x2000029c   0x00000004   PAD
    0x200002a0   0x00000200   Zero   RW          566    HEAP                startup_stm32f40_41xxx.o
    0x200004a0   0x00000400   Zero   RW          565    STACK               startup_stm32f40_41xxx.o


==============================================================================

Image component sizes


      Code (inc. data)   RO Data    RW Data    ZI Data      Debug   Object Name

       756         40          0         16        248       3105   adc.o
       260          8          0          4          0       1429   delay.o
       512         12          0         12          0       1349   exti.o
       324         18          0          1          0       1074   key.o
      2356         30       8790          0          0       9464   lcd.o
       840          8          0          0          0       2002   lcd_init.o
       168         28          0         16          0     312106   main.o
       224         20          0          0          0       1809   misc.o
       588        138          0         20          0       1074   pid.o
       532         40          0          0          0       1306   pwm.o
        64         26        392          0       1536        828   startup_stm32f40_41xxx.o
      1124         24          0          0          0      10482   stm32f4xx_adc.o
       936         32          0          0          0       6289   stm32f4xx_dma.o
       272         10          0          0          0       2255   stm32f4xx_exti.o
       660         44          0          0          0       4089   stm32f4xx_gpio.o
        26          0          0          0          0       1218   stm32f4xx_it.o
      1628         52          0         16          0      12868   stm32f4xx_rcc.o
       148         12          0          0          0       1841   stm32f4xx_syscfg.o
      3234         60          0          0          0      22292   stm32f4xx_tim.o
      1108         34          0          0          0       7788   stm32f4xx_usart.o
       528         46          0         20          0       1767   system_stm32f4xx.o
       540        128          0          8          0       1206   time.o
       328         16          0          6        200       3282   usart.o

    ----------------------------------------------------------------------
     17158        826       9220        124       1984     410923   Object Totals
         0          0         32          0          0          0   (incl. Generated)
         2          0          6          5          0          0   (incl. Padding)

    ----------------------------------------------------------------------

      Code (inc. data)   RO Data    RW Data    ZI Data      Debug   Library Member Name

         8          0          0          0          0         68   __main.o
       104          0          0          0          0         84   __printf.o
         0          0          0          0          0          0   __rtentry.o
        12          0          0          0          0          0   __rtentry2.o
         6          0          0          0          0          0   __rtentry4.o
        52          8          0          0          0          0   __scatter.o
        26          0          0          0          0          0   __scatter_copy.o
        28          0          0          0          0          0   __scatter_zi.o
        48          6          0          0          0         96   _printf_char_common.o
        36          4          0          0          0         80   _printf_char_file.o
         6          0          0          0          0          0   _printf_d.o
       120         16          0          0          0         92   _printf_dec.o
         6          0          0          0          0          0   _printf_f.o
      1050          0          0          0          0        216   _printf_fp_dec.o
       128         16          0          0          0         84   _printf_fp_infnan.o
       178          0          0          0          0         88   _printf_intcommon.o
         0          0          0          0          0          0   _printf_percent.o
         4          0          0          0          0          0   _printf_percent_end.o
        22          0          0          0          0        100   _rserrno.o
       220          4        148          0          0         96   bigflt0.o
      1910        128          0          0          0        672   btod.o
        12          0          0          0          0         72   exit.o
         8          0          0          0          0         68   ferror.o
         6          0          0          0          0        152   heapauxi.o
        44         10         28          0          0         76   lc_numeric_c.o
         2          0          0          0          0          0   libinit.o
        22          0          0          0          0          0   libinit2.o
         2          0          0          0          0          0   libshutdown.o
         2          0          0          0          0          0   libshutdown2.o
         8          4          0          0         96         68   libspace.o
       138          0          0          0          0         80   lludiv10.o
        24          4          0          0          0         84   noretval__2printf.o
         8          4          0          0          0         68   rt_errno_addr_intlibspace.o
         8          4          0          0          0         68   rt_locale_intlibspace.o
        78          0          0          0          0         80   rt_memclr_w.o
         2          0          0          0          0          0   rtexit.o
        10          0          0          0          0          0   rtexit2.o
       128          0          0          0          0         68   strcmpv7m.o
        74          0          0          0          0         80   sys_stackheap_outer.o
         2          0          0          0          0         68   use_no_semi.o
         2          0          0          0          0         68   use_no_semi_2.o
        24          0          0          0          0        164   basic.o
       826         16          0          0          0        492   daddsub_clz.o
        24          0          0          0          0        116   dcmpi.o
       688        140          0          0          0        256   ddiv.o
        94          4          0          0          0        140   dfix.o
        84          0          0          0          0        232   dflt_clz.o
       120          4          0          0          0        140   dleqf.o
       340         12          0          0          0        152   dmul.o
       156          4          0          0          0        140   dnaninf.o
        12          0          0          0          0        116   dretinf.o
       108          0          0          0          0        128   drleqf.o
       408         56          0          0          0        168   dsqrt_umaal.o
        86          4          0          0          0        132   f2d.o
       140          4          0          0          0        132   fnaninf.o
        10          0          0          0          0        116   fpinit.o
         4          0          0          0          0        116   printf1.o
         0          0          0          0          0          0   usenofp.o
       368         46         48          0          0        200   cos_i.o
        84         16          0          0          0        372   dunder.o
        24          0          0          0          0        124   fabs.o
        48          0          0          0          0        124   fpclassify.o
       248          0          0          0          0        152   poly.o
      1080        142        200          0          0        188   rred.o
       200         20          0          0          0        164   sin.o
       304         24         40          0          0        208   sin_i.o
       122          0          0          0          0        148   sqrt.o

    ----------------------------------------------------------------------
     10174        700        464          0        100       7196   Library Totals
        28          0          0          0          4          0   (incl. Padding)

    ----------------------------------------------------------------------

      Code (inc. data)   RO Data    RW Data    ZI Data      Debug   Library Name

      4544        208        176          0         96       2776   c_w.l
      3124        244          0          0          0       2740   fz_wm.l
      2478        248        288          0          0       1680   m_wm.l

    ----------------------------------------------------------------------
     10174        700        464          0        100       7196   Library Totals

    ----------------------------------------------------------------------

==============================================================================


      Code (inc. data)   RO Data    RW Data    ZI Data      Debug   

     27332       1526       9684        124       2084     409211   Grand Totals
     27332       1526       9684        124       2084     409211   ELF Image Totals
     27332       1526       9684        124          0          0   ROM Totals

==============================================================================

    Total RO  Size (Code + RO Data)                37016 (  36.15kB)
    Total RW  Size (RW Data + ZI Data)              2208 (   2.16kB)
    Total ROM Size (Code + RO Data + RW Data)      37140 (  36.27kB)

==============================================================================

